Archive member included to satisfy reference by file (symbol)

D:/mcu/STM/STM32CubeIDE/plugins/com.st.stm32cube.ide.mcu.externaltools.gnu-tools-for-stm32.13.3.rel1.win32_1.0.100.202509120712/tools/bin/../lib/gcc/arm-none-eabi/13.3.1/../../../../arm-none-eabi/lib/thumb/v7-m/nofp\libc_nano.a(libc_a-exit.o)
                              D:/mcu/STM/STM32CubeIDE/plugins/com.st.stm32cube.ide.mcu.externaltools.gnu-tools-for-stm32.13.3.rel1.win32_1.0.100.202509120712/tools/bin/../lib/gcc/arm-none-eabi/13.3.1/../../../../arm-none-eabi/lib/thumb/v7-m/nofp/crt0.o (exit)
D:/mcu/STM/STM32CubeIDE/plugins/com.st.stm32cube.ide.mcu.externaltools.gnu-tools-for-stm32.13.3.rel1.win32_1.0.100.202509120712/tools/bin/../lib/gcc/arm-none-eabi/13.3.1/../../../../arm-none-eabi/lib/thumb/v7-m/nofp\libc_nano.a(libc_a-findfp.o)
                              D:/mcu/STM/STM32CubeIDE/plugins/com.st.stm32cube.ide.mcu.externaltools.gnu-tools-for-stm32.13.3.rel1.win32_1.0.100.202509120712/tools/bin/../lib/gcc/arm-none-eabi/13.3.1/../../../../arm-none-eabi/lib/thumb/v7-m/nofp\libc_nano.a(libc_a-exit.o) (__stdio_exit_handler)
D:/mcu/STM/STM32CubeIDE/plugins/com.st.stm32cube.ide.mcu.externaltools.gnu-tools-for-stm32.13.3.rel1.win32_1.0.100.202509120712/tools/bin/../lib/gcc/arm-none-eabi/13.3.1/../../../../arm-none-eabi/lib/thumb/v7-m/nofp\libc_nano.a(libc_a-fwalk.o)
                              D:/mcu/STM/STM32CubeIDE/plugins/com.st.stm32cube.ide.mcu.externaltools.gnu-tools-for-stm32.13.3.rel1.win32_1.0.100.202509120712/tools/bin/../lib/gcc/arm-none-eabi/13.3.1/../../../../arm-none-eabi/lib/thumb/v7-m/nofp\libc_nano.a(libc_a-findfp.o) (_fwalk_sglue)
D:/mcu/STM/STM32CubeIDE/plugins/com.st.stm32cube.ide.mcu.externaltools.gnu-tools-for-stm32.13.3.rel1.win32_1.0.100.202509120712/tools/bin/../lib/gcc/arm-none-eabi/13.3.1/../../../../arm-none-eabi/lib/thumb/v7-m/nofp\libc_nano.a(libc_a-stdio.o)
                              D:/mcu/STM/STM32CubeIDE/plugins/com.st.stm32cube.ide.mcu.externaltools.gnu-tools-for-stm32.13.3.rel1.win32_1.0.100.202509120712/tools/bin/../lib/gcc/arm-none-eabi/13.3.1/../../../../arm-none-eabi/lib/thumb/v7-m/nofp\libc_nano.a(libc_a-findfp.o) (__sread)
D:/mcu/STM/STM32CubeIDE/plugins/com.st.stm32cube.ide.mcu.externaltools.gnu-tools-for-stm32.13.3.rel1.win32_1.0.100.202509120712/tools/bin/../lib/gcc/arm-none-eabi/13.3.1/../../../../arm-none-eabi/lib/thumb/v7-m/nofp\libc_nano.a(libc_a-memset.o)
                              D:/mcu/STM/STM32CubeIDE/plugins/com.st.stm32cube.ide.mcu.externaltools.gnu-tools-for-stm32.13.3.rel1.win32_1.0.100.202509120712/tools/bin/../lib/gcc/arm-none-eabi/13.3.1/../../../../arm-none-eabi/lib/thumb/v7-m/nofp/crt0.o (memset)
D:/mcu/STM/STM32CubeIDE/plugins/com.st.stm32cube.ide.mcu.externaltools.gnu-tools-for-stm32.13.3.rel1.win32_1.0.100.202509120712/tools/bin/../lib/gcc/arm-none-eabi/13.3.1/../../../../arm-none-eabi/lib/thumb/v7-m/nofp\libc_nano.a(libc_a-closer.o)
                              D:/mcu/STM/STM32CubeIDE/plugins/com.st.stm32cube.ide.mcu.externaltools.gnu-tools-for-stm32.13.3.rel1.win32_1.0.100.202509120712/tools/bin/../lib/gcc/arm-none-eabi/13.3.1/../../../../arm-none-eabi/lib/thumb/v7-m/nofp\libc_nano.a(libc_a-stdio.o) (_close_r)
D:/mcu/STM/STM32CubeIDE/plugins/com.st.stm32cube.ide.mcu.externaltools.gnu-tools-for-stm32.13.3.rel1.win32_1.0.100.202509120712/tools/bin/../lib/gcc/arm-none-eabi/13.3.1/../../../../arm-none-eabi/lib/thumb/v7-m/nofp\libc_nano.a(libc_a-reent.o)
                              D:/mcu/STM/STM32CubeIDE/plugins/com.st.stm32cube.ide.mcu.externaltools.gnu-tools-for-stm32.13.3.rel1.win32_1.0.100.202509120712/tools/bin/../lib/gcc/arm-none-eabi/13.3.1/../../../../arm-none-eabi/lib/thumb/v7-m/nofp\libc_nano.a(libc_a-closer.o) (errno)
D:/mcu/STM/STM32CubeIDE/plugins/com.st.stm32cube.ide.mcu.externaltools.gnu-tools-for-stm32.13.3.rel1.win32_1.0.100.202509120712/tools/bin/../lib/gcc/arm-none-eabi/13.3.1/../../../../arm-none-eabi/lib/thumb/v7-m/nofp\libc_nano.a(libc_a-impure.o)
                              D:/mcu/STM/STM32CubeIDE/plugins/com.st.stm32cube.ide.mcu.externaltools.gnu-tools-for-stm32.13.3.rel1.win32_1.0.100.202509120712/tools/bin/../lib/gcc/arm-none-eabi/13.3.1/../../../../arm-none-eabi/lib/thumb/v7-m/nofp\libc_nano.a(libc_a-reent.o) (_impure_ptr)
D:/mcu/STM/STM32CubeIDE/plugins/com.st.stm32cube.ide.mcu.externaltools.gnu-tools-for-stm32.13.3.rel1.win32_1.0.100.202509120712/tools/bin/../lib/gcc/arm-none-eabi/13.3.1/../../../../arm-none-eabi/lib/thumb/v7-m/nofp\libc_nano.a(libc_a-lseekr.o)
                              D:/mcu/STM/STM32CubeIDE/plugins/com.st.stm32cube.ide.mcu.externaltools.gnu-tools-for-stm32.13.3.rel1.win32_1.0.100.202509120712/tools/bin/../lib/gcc/arm-none-eabi/13.3.1/../../../../arm-none-eabi/lib/thumb/v7-m/nofp\libc_nano.a(libc_a-stdio.o) (_lseek_r)
[...]
Memory Configuration

Name             Origin             Length             Attributes
RAM              0x20000000         0x00005000         xrw
FLASH            0x08000000         0x00010000         xr
*default*        0x00000000         0xffffffff

Linker script and memory map

LOAD D:/mcu/STM/STM32CubeIDE/plugins/com.st.stm32cube.ide.mcu.externaltools.gnu-tools-for-stm32.13.3.rel1.win32_1.0.100.202509120712/tools/bin/../lib/gcc/arm-none-eabi/13.3.1/thumb/v7-m/nofp/crti.o
LOAD D:/mcu/STM/STM32CubeIDE/plugins/com.st.stm32cube.ide.mcu.externaltools.gnu-tools-for-stm32.13.3.rel1.win32_1.0.100.202509120712/tools/bin/../lib/gcc/arm-none-eabi/13.3.1/thumb/v7-m/nofp/crtbegin.o
LOAD D:/mcu/STM/STM32CubeIDE/plugins/com.st.stm32cube.ide.mcu.externaltools.gnu-tools-for-stm32.13.3.rel1.win32_1.0.100.202509120712/tools/bin/../lib/gcc/arm-none-eabi/13.3.1/../../../../arm-none-eabi/lib/thumb/v7-m/nofp/crt0.o
LOAD ./Core/Src/adc.o
LOAD ./Core/Src/dma.o
LOAD ./Core/Src/gpio.o
LOAD ./Core/Src/gyro.o
LOAD ./Core/Src/i2c.o
LOAD ./Core/Src/main.o
LOAD ./Core/Src/motor.o
LOAD ./Core/Src/pid.o
LOAD ./Core/Src/sensor.o
LOAD ./Core/Src/stm32f1xx_hal_msp.o
LOAD ./Core/Src/stm32f1xx_it.o
LOAD ./Core/Src/syscalls.o
LOAD ./Core/Src/sysmem.o
LOAD ./Core/Src/system_stm32f1xx.o
LOAD ./Core/Src/tim.o
LOAD ./Core/Src/tracker.o
LOAD ./Core/Src/uart_vofa.o
LOAD ./Core/Src/ultransonic.o
LOAD ./Core/Src/usart.o
LOAD ./Core/Startup/startup_stm32f103c8tx.o
LOAD ./Drivers/STM32F1xx_HAL_Driver/Src/stm32f1xx_hal.o
LOAD ./Drivers/STM32F1xx_HAL_Driver/Src/stm32f1xx_hal_adc.o
LOAD ./Drivers/STM32F1xx_HAL_Driver/Src/stm32f1xx_hal_adc_ex.o
LOAD ./Drivers/STM32F1xx_HAL_Driver/Src/stm32f1xx_hal_cortex.o
LOAD ./Drivers/STM32F1xx_HAL_Driver/Src/stm32f1xx_hal_dma.o
LOAD ./Drivers/STM32F1xx_HAL_Driver/Src/stm32f1xx_hal_exti.o
LOAD ./Drivers/STM32F1xx_HAL_Driver/Src/stm32f1xx_hal_flash.o
LOAD ./Drivers/STM32F1xx_HAL_Driver/Src/stm32f1xx_hal_flash_ex.o
LOAD ./Drivers/STM32F1xx_HAL_Driver/Src/stm32f1xx_hal_gpio.o
LOAD ./Drivers/STM32F1xx_HAL_Driver/Src/stm32f1xx_hal_gpio_ex.o
LOAD ./Drivers/STM32F1xx_HAL_Driver/Src/stm32f1xx_hal_i2c.o
LOAD ./Drivers/STM32F1xx_HAL_Driver/Src/stm32f1xx_hal_pwr.o
LOAD ./Drivers/STM32F1xx_HAL_Driver/Src/stm32f1xx_hal_rcc.o
LOAD ./Drivers/STM32F1xx_HAL_Driver/Src/stm32f1xx_hal_rcc_ex.o
LOAD ./Drivers/STM32F1xx_HAL_Driver/Src/stm32f1xx_hal_tim.o
LOAD ./Drivers/STM32F1xx_HAL_Driver/Src/stm32f1xx_hal_tim_ex.o
LOAD ./Drivers/STM32F1xx_HAL_Driver/Src/stm32f1xx_hal_uart.o
START GROUP
LOAD D:/mcu/STM/STM32CubeIDE/plugins/com.st.stm32cube.ide.mcu.externaltools.gnu-tools-for-stm32.13.3.rel1.win32_1.0.100.202509120712/tools/bin/../lib/gcc/arm-none-eabi/13.3.1/../../../../arm-none-eabi/lib/thumb/v7-m/nofp\libc_nano.a
LOAD D:/mcu/STM/STM32CubeIDE/plugins/com.st.stm32cube.ide.mcu.externaltools.gnu-tools-for-stm32.13.3.rel1.win32_1.0.100.202509120712/tools/bin/../lib/gcc/arm-none-eabi/13.3.1/../../../../arm-none-eabi/lib/thumb/v7-m/nofp\libm.a
END GROUP
START GROUP
LOAD D:/mcu/STM/STM32CubeIDE/plugins/com.st.stm32cube.ide.mcu.externaltools.gnu-tools-for-stm32.13.3.rel1.win32_1.0.100.202509120712/tools/bin/../lib/gcc/arm-none-eabi/13.3.1/thumb/v7-m/nofp\libgcc.a
LOAD D:/mcu/STM/STM32CubeIDE/plugins/com.st.stm32cube.ide.mcu.externaltools.gnu-tools-for-stm32.13.3.rel1.win32_1.0.100.202509120712/tools/bin/../lib/gcc/arm-none-eabi/13.3.1/../../../../arm-none-eabi/lib/thumb/v7-m/nofp\libc_nano.a
END GROUP
START GROUP
LOAD D:/mcu/STM/STM32CubeIDE/plugins/com.st.stm32cube.ide.mcu.externaltools.gnu-tools-for-stm32.13.3.rel1.win32_1.0.100.202509120712/tools/bin/../lib/gcc/arm-none-eabi/13.3.1/thumb/v7-m/nofp\libgcc.a
LOAD D:/mcu/STM/STM32CubeIDE/plugins/com.st.stm32cube.ide.mcu.externaltools.gnu-tools-for-stm32.13.3.rel1.win32_1.0.100.202509120712/tools/bin/../lib/gcc/arm-none-eabi/13.3.1/../../../../arm-none-eabi/lib/thumb/v7-m/nofp\libc_nano.a
LOAD D:/mcu/STM/STM32CubeIDE/plugins/com.st.stm32cube.ide.mcu.externaltools.gnu-tools-for-stm32.13.3.rel1.win32_1.0.100.202509120712/tools/bin/../lib/gcc/arm-none-eabi/13.3.1/../../../../arm-none-eabi/lib/thumb/v7-m/nofp\libnosys.a
END GROUP
START GROUP
LOAD D:/mcu/STM/STM32CubeIDE/plugins/com.st.stm32cube.ide.mcu.externaltools.gnu-tools-for-stm32.13.3.rel1.win32_1.0.100.202509120712/tools/bin/../lib/gcc/arm-none-eabi/13.3.1/thumb/v7-m/nofp\libgcc.a
LOAD D:/mcu/STM/STM32CubeIDE/plugins/com.st.stm32cube.ide.mcu.externaltools.gnu-tools-for-stm32.13.3.rel1.win32_1.0.100.202509120712/tools/bin/../lib/gcc/arm-none-eabi/13.3.1/../../../../arm-none-eabi/lib/thumb/v7-m/nofp\libc_nano.a
LOAD D:/mcu/STM/STM32CubeIDE/plugins/com.st.stm32cube.ide.mcu.externaltools.gnu-tools-for-stm32.13.3.rel1.win32_1.0.100.202509120712/tools/bin/../lib/gcc/arm-none-eabi/13.3.1/../../../../arm-none-eabi/lib/thumb/v7-m/nofp\libnosys.a
END GROUP
LOAD D:/mcu/STM/STM32CubeIDE/plugins/com.st.stm32cube.ide.mcu.externaltools.gnu-tools-for-stm32.13.3.rel1.win32_1.0.100.202509120712/tools/bin/../lib/gcc/arm-none-eabi/13.3.1/thumb/v7-m/nofp/crtend.o
LOAD D:/mcu/STM/STM32CubeIDE/plugins/com.st.stm32cube.ide.mcu.externaltools.gnu-tools-for-stm32.13.3.rel1.win32_1.0.100.202509120712/tools/bin/../lib/gcc/arm-none-eabi/13.3.1/thumb/v7-m/nofp/crtn.o
                0x20005000                        _estack = (ORIGIN (RAM) + LENGTH (RAM))
                0x00000200                        _Min_Heap_Size = 0x200
                0x00000400                        _Min_Stack_Size = 0x400

.isr_vector     0x08000000      0x10c
                0x08000000                        . = ALIGN (0x4)
 *(.isr_vector)
 .isr_vector    0x08000000      0x10c ./Core/Startup/startup_stm32f103c8tx.o
                0x08000000                g_pfnVectors
                0x0800010c                        . = ALIGN (0x4)

.text           0x0800010c     0x68a4
                0x0800010c                        . = ALIGN (0x4)
 *(.text)
 .text          0x0800010c       0x40 D:/mcu/STM/STM32CubeIDE/plugins/com.st.stm32cube.ide.mcu.externaltools.gnu-tools-for-stm32.13.3.rel1.win32_1.0.100.202509120712/tools/bin/../lib/gcc/arm-none-eabi/13.3.1/thumb/v7-m/nofp/crtbegin.o
 .text          0x0800014c      0x21c D:/mcu/STM/STM32CubeIDE/plugins/com.st.stm32cube.ide.mcu.externaltools.gnu-tools-for-stm32.13.3.rel1.win32_1.0.100.202509120712/tools/bin/../lib/gcc/arm-none-eabi/13.3.1/thumb/v7-m/nofp\libgcc.a(_arm_addsubsf3.o)
                0x0800014c                __aeabi_frsub
                0x08000154                __subsf3
                0x08000154                __aeabi_fsub
                0x08000158                __aeabi_fadd
                0x08000158                __addsf3
                0x080002b8                __aeabi_ui2f
                0x080002b8                __floatunsisf
                0x080002c0                __aeabi_i2f
                0x080002c0                __floatsisf
                0x080002dc                __aeabi_ul2f
                0x080002dc                __floatundisf
                0x080002ec                __aeabi_l2f
                0x080002ec                __floatdisf
 .text          0x08000368      0x2a0 D:/mcu/STM/STM32CubeIDE/plugins/com.st.stm32cube.ide.mcu.externaltools.gnu-tools-for-stm32.13.3.rel1.win32_1.0.100.202509120712/tools/bin/../lib/gcc/arm-none-eabi/13.3.1/thumb/v7-m/nofp\libgcc.a(_arm_muldivsf3.o)
                0x08000368                __mulsf3
                0x08000368                __aeabi_fmul
                0x080004d0                __aeabi_fdiv
                0x080004d0                __divsf3
 .text          0x08000608       0xec D:/mcu/STM/STM32CubeIDE/plugins/com.st.stm32cube.ide.mcu.externaltools.gnu-tools-for-stm32.13.3.rel1.win32_1.0.100.202509120712/tools/bin/../lib/gcc/arm-none-eabi/13.3.1/thumb/v7-m/nofp\libgcc.a(_arm_cmpsf2.o)
                0x08000608                __gesf2
                0x08000608                __gtsf2
                0x08000610                __lesf2
                0x08000610                __ltsf2
                0x08000618                __nesf2
                0x08000618                __eqsf2
                0x08000618                __cmpsf2
                0x08000678                __aeabi_cfrcmple
                0x08000680                __aeabi_cfcmpeq
                0x08000680                __aeabi_cfcmple
                0x08000690                __aeabi_fcmpeq
                0x080006a4                __aeabi_fcmplt
                0x080006b8                __aeabi_fcmple
                0x080006cc                __aeabi_fcmpge
                0x080006e0                __aeabi_fcmpgt
 .text          0x080006f4       0x2c D:/mcu/STM/STM32CubeIDE/plugins/com.st.stm32cube.ide.mcu.externaltools.gnu-tools-for-stm32.13.3.rel1.win32_1.0.100.202509120712/tools/bin/../lib/gcc/arm-none-eabi/13.3.1/thumb/v7-m/nofp\libgcc.a(_arm_unordsf2.o)
                0x080006f4                __unordsf2
                0x080006f4                __aeabi_fcmpun
 .text          0x08000720       0x4c D:/mcu/STM/STM32CubeIDE/plugins/com.st.stm32cube.ide.mcu.externaltools.gnu-tools-for-stm32.13.3.rel1.win32_1.0.100.202509120712/tools/bin/../lib/gcc/arm-none-eabi/13.3.1/thumb/v7-m/nofp\libgcc.a(_arm_fixsfsi.o)
                0x08000720                __aeabi_f2iz
                0x08000720                __fixsfsi
 .text          0x0800076c       0x40 D:/mcu/STM/STM32CubeIDE/plugins/com.st.stm32cube.ide.mcu.externaltools.gnu-tools-for-stm32.13.3.rel1.win32_1.0.100.202509120712/tools/bin/../lib/gcc/arm-none-eabi/13.3.1/thumb/v7-m/nofp\libgcc.a(_arm_fixunssfsi.o)
                0x0800076c                __fixunssfsi
                0x0800076c                __aeabi_f2uiz
 *(.text*)
 .text.MX_ADC1_Init
                0x080007ac       0xf0 ./Core/Src/adc.o
                0x080007ac                MX_ADC1_Init
 .text.HAL_ADC_MspInit
                0x0800089c       0xd0 ./Core/Src/adc.o
                0x0800089c                HAL_ADC_MspInit
 .text.MX_DMA_Init
                0x0800096c       0x3c ./Core/Src/dma.o
                0x0800096c                MX_DMA_Init
 .text.MX_GPIO_Init
                0x080009a8      0x124 ./Core/Src/gpio.o
                0x080009a8                MX_GPIO_Init
 .text.MPU6050_Write_Reg
                0x08000acc       0x48 ./Core/Src/gyro.o
                0x08000acc                MPU6050_Write_Reg
 .text.MPU6050_Read_Multi_Reg
                0x08000b14       0x4c ./Core/Src/gyro.o
                0x08000b14                MPU6050_Read_Multi_Reg
 .text.MPU6050_Init
                0x08000b60       0xc0 ./Core/Src/gyro.o
                0x08000b60                MPU6050_Init
 .text.MPU6050_Read_Raw_Accel
                0x08000c20       0x84 ./Core/Src/gyro.o
 .text.MPU6050_Read_Raw_Gyro
                0x08000ca4       0x84 ./Core/Src/gyro.o
 .text.MPU6050_Calibrate
                0x08000d28      0x116 ./Core/Src/gyro.o
                0x08000d28                MPU6050_Calibrate
 *fill*         0x08000e3e        0x2 
 .text.MPU6050_Read_All
                0x08000e40      0x234 ./Core/Src/gyro.o
                0x08000e40                MPU6050_Read_All
 .text.MX_I2C2_Init
                0x08001074       0x5c ./Core/Src/i2c.o
                0x08001074                MX_I2C2_Init
 .text.HAL_I2C_MspInit
                0x080010d0       0x80 ./Core/Src/i2c.o
                0x080010d0                HAL_I2C_MspInit
 .text.main     0x08001150       0xa8 ./Core/Src/main.o
                0x08001150                main
 .text.SystemClock_Config
                0x080011f8       0xb6 ./Core/Src/main.o
                0x080011f8                SystemClock_Config
 .text.Error_Handler
                0x080012ae        0xc ./Core/Src/main.o
                0x080012ae                Error_Handler
 .text.LPF1_Update
                0x080012ba       0x5e ./Core/Src/motor.o
 .text.Motor_Init
                0x08001318       0xfc ./Core/Src/motor.o
                0x08001318                Motor_Init
 .text.Motor_SetSpeed
                0x08001414      0x1e4 ./Core/Src/motor.o
                0x08001414                Motor_SetSpeed
 .text.Get_Motor_Info
                0x080015f8      0x1e0 ./Core/Src/motor.o
                0x080015f8                Get_Motor_Info
 .text.PID_Init
                0x080017d8       0x88 ./Core/Src/pid.o
                0x080017d8                PID_Init
 .text.PID_SetOutputLimits
                0x08001860       0x22 ./Core/Src/pid.o
                0x08001860                PID_SetOutputLimits
 .text.PID_SetIntegralLimits
                0x08001882       0x22 ./Core/Src/pid.o
                0x08001882                PID_SetIntegralLimits
 .text.Lowpass_Filter
                0x080018a4       0xa4 ./Core/Src/sensor.o
                0x080018a4                Lowpass_Filter
 .text.Kalman_Init
                0x08001948       0x40 ./Core/Src/sensor.o
                0x08001948                Kalman_Init
 .text.Kalman_Update
                0x08001988       0xc4 ./Core/Src/sensor.o
                0x08001988                Kalman_Update
 .text.Sensor_Init
                0x08001a4c       0x6c ./Core/Src/sensor.o
                0x08001a4c                Sensor_Init
 .text.Sensor_Updater
                0x08001ab8       0xbc ./Core/Src/sensor.o
                0x08001ab8                Sensor_Updater
 .text.HAL_MspInit
                0x08001b74       0x64 ./Core/Src/stm32f1xx_hal_msp.o
                0x08001b74                HAL_MspInit
 .text.NMI_Handler
                0x08001bd8        0x8 ./Core/Src/stm32f1xx_it.o
                0x08001bd8                NMI_Handler
 .text.HardFault_Handler
                0x08001be0        0x8 ./Core/Src/stm32f1xx_it.o
                0x08001be0                HardFault_Handler
 .text.MemManage_Handler
                0x08001be8        0x8 ./Core/Src/stm32f1xx_it.o
                0x08001be8                MemManage_Handler
 .text.BusFault_Handler
                0x08001bf0        0x8 ./Core/Src/stm32f1xx_it.o
                0x08001bf0                BusFault_Handler
 .text.UsageFault_Handler
                0x08001bf8        0x8 ./Core/Src/stm32f1xx_it.o
                0x08001bf8                UsageFault_Handler
 .text.SVC_Handler
                0x08001c00        0xc ./Core/Src/stm32f1xx_it.o
                0x08001c00                SVC_Handler
 .text.DebugMon_Handler
                0x08001c0c        0xc ./Core/Src/stm32f1xx_it.o
                0x08001c0c                DebugMon_Handler
 .text.PendSV_Handler
                0x08001c18        0xc ./Core/Src/stm32f1xx_it.o
                0x08001c18                PendSV_Handler
 .text.SysTick_Handler
                0x08001c24        0xc ./Core/Src/stm32f1xx_it.o
                0x08001c24                SysTick_Handler
 .text.DMA1_Channel1_IRQHandler
                0x08001c30       0x14 ./Core/Src/stm32f1xx_it.o
                0x08001c30                DMA1_Channel1_IRQHandler
 .text.TIM4_IRQHandler
                0x08001c44       0x14 ./Core/Src/stm32f1xx_it.o
                0x08001c44                TIM4_IRQHandler
 .text.EXTI15_10_IRQHandler
                0x08001c58       0xbc ./Core/Src/stm32f1xx_it.o
                0x08001c58                EXTI15_10_IRQHandler
 .text.SystemInit
                0x08001d14        0xc ./Core/Src/system_stm32f1xx.o
                0x08001d14                SystemInit
 .text.MX_TIM1_Init
                0x08001d20      0x158 ./Core/Src/tim.o
                0x08001d20                MX_TIM1_Init
 .text.MX_TIM2_Init
                0x08001e78       0xa8 ./Core/Src/tim.o
                0x08001e78                MX_TIM2_Init
 .text.MX_TIM3_Init
                0x08001f20       0xa8 ./Core/Src/tim.o
                0x08001f20                MX_TIM3_Init
 .text.MX_TIM4_Init
                0x08001fc8       0x9c ./Core/Src/tim.o
                0x08001fc8                MX_TIM4_Init
 .text.HAL_TIM_Base_MspInit
                0x08002064       0x74 ./Core/Src/tim.o
                0x08002064                HAL_TIM_Base_MspInit
 .text.HAL_TIM_Encoder_MspInit
                0x080020d8      0x130 ./Core/Src/tim.o
                0x080020d8                HAL_TIM_Encoder_MspInit
 .text.HAL_TIM_MspPostInit
                0x08002208       0x68 ./Core/Src/tim.o
                0x08002208                HAL_TIM_MspPostInit
 .text.Ultrasonic_Init
                0x08002270       0x2c ./Core/Src/ultransonic.o
                0x08002270                Ultrasonic_Init
 .text.Ultrasonic_Trigger50us
                0x0800229c       0x88 ./Core/Src/ultransonic.o
                0x0800229c                Ultrasonic_Trigger50us
 .text.HAL_TIM_PeriodElapsedCallback
                0x08002324       0x14 ./Core/Src/ultransonic.o
                0x08002324                HAL_TIM_PeriodElapsedCallback
 .text.MX_USART1_UART_Init
                0x08002338       0x54 ./Core/Src/usart.o
                0x08002338                MX_USART1_UART_Init
 .text.HAL_UART_MspInit
                0x0800238c       0xb4 ./Core/Src/usart.o
                0x0800238c                HAL_UART_MspInit
 .text.Reset_Handler
                0x08002440       0x48 ./Core/Startup/startup_stm32f103c8tx.o
                0x08002440                Reset_Handler
 .text.Default_Handler
                0x08002488        0x2 ./Core/Startup/startup_stm32f103c8tx.o
                0x08002488                RTC_Alarm_IRQHandler
                0x08002488                EXTI2_IRQHandler
                0x08002488                TIM1_CC_IRQHandler
                0x08002488                PVD_IRQHandler
                0x08002488                EXTI3_IRQHandler
                0x08002488                EXTI0_IRQHandler
                0x08002488                I2C2_EV_IRQHandler
                0x08002488                ADC1_2_IRQHandler
                0x08002488                SPI1_IRQHandler
                0x08002488                TAMPER_IRQHandler
                0x08002488                DMA1_Channel4_IRQHandler
                0x08002488                USART3_IRQHandler
                0x08002488                RTC_IRQHandler
                0x08002488                DMA1_Channel7_IRQHandler
                0x08002488                CAN1_RX1_IRQHandler
                0x08002488                I2C1_EV_IRQHandler
                0x08002488                DMA1_Channel6_IRQHandler
                0x08002488                TIM3_IRQHandler
                0x08002488                RCC_IRQHandler
                0x08002488                TIM1_TRG_COM_IRQHandler
                0x08002488                Default_Handler
                0x08002488                EXTI9_5_IRQHandler
                0x08002488                SPI2_IRQHandler
                0x08002488                DMA1_Channel5_IRQHandler
                0x08002488                EXTI4_IRQHandler
                0x08002488                USB_LP_CAN1_RX0_IRQHandler
                0x08002488                USB_HP_CAN1_TX_IRQHandler
                0x08002488                DMA1_Channel3_IRQHandler
                0x08002488                TIM1_UP_IRQHandler
                0x08002488                WWDG_IRQHandler
                0x08002488                TIM2_IRQHandler
                0x08002488                TIM1_BRK_IRQHandler
                0x08002488                EXTI1_IRQHandler
                0x08002488                USART2_IRQHandler
                0x08002488                I2C2_ER_IRQHandler
                0x08002488                DMA1_Channel2_IRQHandler
                0x08002488                CAN1_SCE_IRQHandler
                0x08002488                FLASH_IRQHandler
                0x08002488                USART1_IRQHandler
                0x08002488                I2C1_ER_IRQHandler
                0x08002488                USBWakeUp_IRQHandler
 *fill*         0x0800248a        0x2 
 .text.HAL_Init
                0x0800248c       0x2c ./Drivers/STM32F1xx_HAL_Driver/Src/stm32f1xx_hal.o
                0x0800248c                HAL_Init
 .text.HAL_InitTick
                0x080024b8       0x60 ./Drivers/STM32F1xx_HAL_Driver/Src/stm32f1xx_hal.o
                0x080024b8                HAL_InitTick
 .text.HAL_IncTick
                0x08002518       0x24 ./Drivers/STM32F1xx_HAL_Driver/Src/stm32f1xx_hal.o
                0x08002518                HAL_IncTick
 .text.HAL_GetTick
                0x0800253c       0x14 ./Drivers/STM32F1xx_HAL_Driver/Src/stm32f1xx_hal.o
                0x0800253c                HAL_GetTick
 .text.HAL_Delay
                0x08002550       0x48 ./Drivers/STM32F1xx_HAL_Driver/Src/stm32f1xx_hal.o
                0x08002550                HAL_Delay
 .text.HAL_ADC_Init
                0x08002598      0x1b0 ./Drivers/STM32F1xx_HAL_Driver/Src/stm32f1xx_hal_adc.o
                0x08002598                HAL_ADC_Init
 .text.HAL_ADC_Start_DMA
                0x08002748      0x1bc ./Drivers/STM32F1xx_HAL_Driver/Src/stm32f1xx_hal_adc.o
                0x08002748                HAL_ADC_Start_DMA
 .text.HAL_ADC_ConvCpltCallback
                0x08002904       0x12 ./Drivers/STM32F1xx_HAL_Driver/Src/stm32f1xx_hal_adc.o
                0x08002904                HAL_ADC_ConvCpltCallback
 .text.HAL_ADC_ConvHalfCpltCallback
                0x08002916       0x12 ./Drivers/STM32F1xx_HAL_Driver/Src/stm32f1xx_hal_adc.o
                0x08002916                HAL_ADC_ConvHalfCpltCallback
 .text.HAL_ADC_ErrorCallback
                0x08002928       0x12 ./Drivers/STM32F1xx_HAL_Driver/Src/stm32f1xx_hal_adc.o
                0x08002928                HAL_ADC_ErrorCallback
 *fill*         0x0800293a        0x2 
 .text.HAL_ADC_ConfigChannel
                0x0800293c      0x1f0 ./Drivers/STM32F1xx_HAL_Driver/Src/stm32f1xx_hal_adc.o
                0x0800293c                HAL_ADC_ConfigChannel
 .text.ADC_Enable
                0x08002b2c       0xb4 ./Drivers/STM32F1xx_HAL_Driver/Src/stm32f1xx_hal_adc.o
                0x08002b2c                ADC_Enable
 .text.ADC_ConversionStop_Disable
                0x08002be0       0x82 ./Drivers/STM32F1xx_HAL_Driver/Src/stm32f1xx_hal_adc.o
                0x08002be0                ADC_ConversionStop_Disable
 .text.ADC_DMAConvCplt
                0x08002c62       0x7c ./Drivers/STM32F1xx_HAL_Driver/Src/stm32f1xx_hal_adc.o
                0x08002c62                ADC_DMAConvCplt
 .text.ADC_DMAHalfConvCplt
                0x08002cde       0x1c ./Drivers/STM32F1xx_HAL_Driver/Src/stm32f1xx_hal_adc.o
                0x08002cde                ADC_DMAHalfConvCplt
 .text.ADC_DMAError
                0x08002cfa       0x34 ./Drivers/STM32F1xx_HAL_Driver/Src/stm32f1xx_hal_adc.o
                0x08002cfa                ADC_DMAError
 *fill*         0x08002d2e        0x2 
 .text.HAL_ADCEx_Calibration_Start
                0x08002d30      0x15c ./Drivers/STM32F1xx_HAL_Driver/Src/stm32f1xx_hal_adc_ex.o
                0x08002d30                HAL_ADCEx_Calibration_Start
 .text.__NVIC_SetPriorityGrouping
                0x08002e8c       0x48 ./Drivers/STM32F1xx_HAL_Driver/Src/stm32f1xx_hal_cortex.o
 .text.__NVIC_GetPriorityGrouping
                0x08002ed4       0x1c ./Drivers/STM32F1xx_HAL_Driver/Src/stm32f1xx_hal_cortex.o
 .text.__NVIC_EnableIRQ
                0x08002ef0       0x38 ./Drivers/STM32F1xx_HAL_Driver/Src/stm32f1xx_hal_cortex.o
 .text.__NVIC_SetPriority
                0x08002f28       0x54 ./Drivers/STM32F1xx_HAL_Driver/Src/stm32f1xx_hal_cortex.o
 .text.NVIC_EncodePriority
                0x08002f7c       0x64 ./Drivers/STM32F1xx_HAL_Driver/Src/stm32f1xx_hal_cortex.o
 .text.SysTick_Config
                0x08002fe0       0x44 ./Drivers/STM32F1xx_HAL_Driver/Src/stm32f1xx_hal_cortex.o
 .text.HAL_NVIC_SetPriorityGrouping
                0x08003024       0x16 ./Drivers/STM32F1xx_HAL_Driver/Src/stm32f1xx_hal_cortex.o
                0x08003024                HAL_NVIC_SetPriorityGrouping
 .text.HAL_NVIC_SetPriority
                0x0800303a       0x38 ./Drivers/STM32F1xx_HAL_Driver/Src/stm32f1xx_hal_cortex.o
                0x0800303a                HAL_NVIC_SetPriority
 .text.HAL_NVIC_EnableIRQ
                0x08003072       0x1c ./Drivers/STM32F1xx_HAL_Driver/Src/stm32f1xx_hal_cortex.o
                0x08003072                HAL_NVIC_EnableIRQ
 .text.HAL_SYSTICK_Config
                0x0800308e       0x18 ./Drivers/STM32F1xx_HAL_Driver/Src/stm32f1xx_hal_cortex.o
                0x0800308e                HAL_SYSTICK_Config
 *fill*         0x080030a6        0x2 
 .text.HAL_DMA_Init
                0x080030a8       0xb4 ./Drivers/STM32F1xx_HAL_Driver/Src/stm32f1xx_hal_dma.o
                0x080030a8                HAL_DMA_Init
 .text.HAL_DMA_Start_IT
                0x0800315c       0xc0 ./Drivers/STM32F1xx_HAL_Driver/Src/stm32f1xx_hal_dma.o
                0x0800315c                HAL_DMA_Start_IT
 .text.HAL_DMA_IRQHandler
                0x0800321c      0x20c ./Drivers/STM32F1xx_HAL_Driver/Src/stm32f1xx_hal_dma.o
                0x0800321c                HAL_DMA_IRQHandler
 .text.DMA_SetConfig
                0x08003428       0x5a ./Drivers/STM32F1xx_HAL_Driver/Src/stm32f1xx_hal_dma.o
 *fill*         0x08003482        0x2 
 .text.HAL_GPIO_Init
                0x08003484      0x308 ./Drivers/STM32F1xx_HAL_Driver/Src/stm32f1xx_hal_gpio.o
                0x08003484                HAL_GPIO_Init
 .text.HAL_GPIO_ReadPin
                0x0800378c       0x2e ./Drivers/STM32F1xx_HAL_Driver/Src/stm32f1xx_hal_gpio.o
                0x0800378c                HAL_GPIO_ReadPin
 .text.HAL_GPIO_WritePin
                0x080037ba       0x30 ./Drivers/STM32F1xx_HAL_Driver/Src/stm32f1xx_hal_gpio.o
                0x080037ba                HAL_GPIO_WritePin
 *fill*         0x080037ea        0x2 
 .text.HAL_GPIO_EXTI_IRQHandler
                0x080037ec       0x30 ./Drivers/STM32F1xx_HAL_Driver/Src/stm32f1xx_hal_gpio.o
                0x080037ec                HAL_GPIO_EXTI_IRQHandler
 .text.HAL_GPIO_EXTI_Callback
                0x0800381c       0x14 ./Drivers/STM32F1xx_HAL_Driver/Src/stm32f1xx_hal_gpio.o
                0x0800381c                HAL_GPIO_EXTI_Callback
 .text.HAL_I2C_Init
                0x08003830      0x288 ./Drivers/STM32F1xx_HAL_Driver/Src/stm32f1xx_hal_i2c.o
                0x08003830                HAL_I2C_Init
 .text.HAL_I2C_Mem_Write
                0x08003ab8      0x1f4 ./Drivers/STM32F1xx_HAL_Driver/Src/stm32f1xx_hal_i2c.o
                0x08003ab8                HAL_I2C_Mem_Write
 .text.HAL_I2C_Mem_Read
                0x08003cac      0x4e8 ./Drivers/STM32F1xx_HAL_Driver/Src/stm32f1xx_hal_i2c.o
                0x08003cac                HAL_I2C_Mem_Read
 .text.I2C_RequestMemoryWrite
                0x08004194      0x12c ./Drivers/STM32F1xx_HAL_Driver/Src/stm32f1xx_hal_i2c.o
 .text.I2C_RequestMemoryRead
                0x080042c0      0x1d0 ./Drivers/STM32F1xx_HAL_Driver/Src/stm32f1xx_hal_i2c.o
 .text.I2C_WaitOnFlagUntilTimeout
                0x08004490       0xf4 ./Drivers/STM32F1xx_HAL_Driver/Src/stm32f1xx_hal_i2c.o
 .text.I2C_WaitOnMasterAddressFlagUntilTimeout
                0x08004584      0x140 ./Drivers/STM32F1xx_HAL_Driver/Src/stm32f1xx_hal_i2c.o
 .text.I2C_WaitOnTXEFlagUntilTimeout
                0x080046c4       0x90 ./Drivers/STM32F1xx_HAL_Driver/Src/stm32f1xx_hal_i2c.o
 .text.I2C_WaitOnBTFFlagUntilTimeout
                0x08004754       0x90 ./Drivers/STM32F1xx_HAL_Driver/Src/stm32f1xx_hal_i2c.o
 .text.I2C_WaitOnRXNEFlagUntilTimeout
                0x080047e4       0xba ./Drivers/STM32F1xx_HAL_Driver/Src/stm32f1xx_hal_i2c.o
 .text.I2C_IsAcknowledgeFailed
                0x0800489e       0x5c ./Drivers/STM32F1xx_HAL_Driver/Src/stm32f1xx_hal_i2c.o
 *fill*         0x080048fa        0x2 
 .text.HAL_RCC_OscConfig
                0x080048fc      0x504 ./Drivers/STM32F1xx_HAL_Driver/Src/stm32f1xx_hal_rcc.o
                0x080048fc                HAL_RCC_OscConfig
 .text.HAL_RCC_ClockConfig
                0x08004e00      0x1d4 ./Drivers/STM32F1xx_HAL_Driver/Src/stm32f1xx_hal_rcc.o
                0x08004e00                HAL_RCC_ClockConfig
 .text.HAL_RCC_GetSysClockFreq
                0x08004fd4       0xa8 ./Drivers/STM32F1xx_HAL_Driver/Src/stm32f1xx_hal_rcc.o
                0x08004fd4                HAL_RCC_GetSysClockFreq
 .text.HAL_RCC_GetHCLKFreq
                0x0800507c       0x14 ./Drivers/STM32F1xx_HAL_Driver/Src/stm32f1xx_hal_rcc.o
                0x0800507c                HAL_RCC_GetHCLKFreq
 .text.HAL_RCC_GetPCLK1Freq
                0x08005090       0x28 ./Drivers/STM32F1xx_HAL_Driver/Src/stm32f1xx_hal_rcc.o
                0x08005090                HAL_RCC_GetPCLK1Freq
 .text.HAL_RCC_GetPCLK2Freq
                0x080050b8       0x28 ./Drivers/STM32F1xx_HAL_Driver/Src/stm32f1xx_hal_rcc.o
                0x080050b8                HAL_RCC_GetPCLK2Freq
 .text.RCC_Delay
                0x080050e0       0x3c ./Drivers/STM32F1xx_HAL_Driver/Src/stm32f1xx_hal_rcc.o
 .text.HAL_RCCEx_PeriphCLKConfig
                0x0800511c      0x16c ./Drivers/STM32F1xx_HAL_Driver/Src/stm32f1xx_hal_rcc_ex.o
                0x0800511c                HAL_RCCEx_PeriphCLKConfig
 .text.HAL_RCCEx_GetPeriphCLKFreq
                0x08005288      0x16c ./Drivers/STM32F1xx_HAL_Driver/Src/stm32f1xx_hal_rcc_ex.o
                0x08005288                HAL_RCCEx_GetPeriphCLKFreq
 .text.HAL_TIM_Base_Init
                0x080053f4       0x9e ./Drivers/STM32F1xx_HAL_Driver/Src/stm32f1xx_hal_tim.o
                0x080053f4                HAL_TIM_Base_Init
 *fill*         0x08005492        0x2 
 .text.HAL_TIM_Base_Start
                0x08005494       0x94 ./Drivers/STM32F1xx_HAL_Driver/Src/stm32f1xx_hal_tim.o
                0x08005494                HAL_TIM_Base_Start
 .text.HAL_TIM_Base_Start_IT
                0x08005528       0xa4 ./Drivers/STM32F1xx_HAL_Driver/Src/stm32f1xx_hal_tim.o
                0x08005528                HAL_TIM_Base_Start_IT
 .text.HAL_TIM_PWM_Init
                0x080055cc       0x9e ./Drivers/STM32F1xx_HAL_Driver/Src/stm32f1xx_hal_tim.o
                0x080055cc                HAL_TIM_PWM_Init
 .text.HAL_TIM_PWM_MspInit
                0x0800566a       0x12 ./Drivers/STM32F1xx_HAL_Driver/Src/stm32f1xx_hal_tim.o
                0x0800566a                HAL_TIM_PWM_MspInit
 .text.HAL_TIM_PWM_Start
                0x0800567c      0x144 ./Drivers/STM32F1xx_HAL_Driver/Src/stm32f1xx_hal_tim.o
                0x0800567c                HAL_TIM_PWM_Start
 .text.HAL_TIM_Encoder_Init
                0x080057c0      0x144 ./Drivers/STM32F1xx_HAL_Driver/Src/stm32f1xx_hal_tim.o
                0x080057c0                HAL_TIM_Encoder_Init
 .text.HAL_TIM_Encoder_Start
                0x08005904      0x11c ./Drivers/STM32F1xx_HAL_Driver/Src/stm32f1xx_hal_tim.o
                0x08005904                HAL_TIM_Encoder_Start
 .text.HAL_TIM_IRQHandler
                0x08005a20      0x1e0 ./Drivers/STM32F1xx_HAL_Driver/Src/stm32f1xx_hal_tim.o
                0x08005a20                HAL_TIM_IRQHandler
 .text.HAL_TIM_PWM_ConfigChannel
                0x08005c00      0x184 ./Drivers/STM32F1xx_HAL_Driver/Src/stm32f1xx_hal_tim.o
                0x08005c00                HAL_TIM_PWM_ConfigChannel
 .text.HAL_TIM_ConfigClockSource
                0x08005d84      0x18e ./Drivers/STM32F1xx_HAL_Driver/Src/stm32f1xx_hal_tim.o
                0x08005d84                HAL_TIM_ConfigClockSource
 .text.HAL_TIM_OC_DelayElapsedCallback
                0x08005f12       0x12 ./Drivers/STM32F1xx_HAL_Driver/Src/stm32f1xx_hal_tim.o
                0x08005f12                HAL_TIM_OC_DelayElapsedCallback
 .text.HAL_TIM_IC_CaptureCallback
                0x08005f24       0x12 ./Drivers/STM32F1xx_HAL_Driver/Src/stm32f1xx_hal_tim.o
                0x08005f24                HAL_TIM_IC_CaptureCallback
 .text.HAL_TIM_PWM_PulseFinishedCallback
                0x08005f36       0x12 ./Drivers/STM32F1xx_HAL_Driver/Src/stm32f1xx_hal_tim.o
                0x08005f36                HAL_TIM_PWM_PulseFinishedCallback
 .text.HAL_TIM_TriggerCallback
                0x08005f48       0x12 ./Drivers/STM32F1xx_HAL_Driver/Src/stm32f1xx_hal_tim.o
                0x08005f48                HAL_TIM_TriggerCallback
 *fill*         0x08005f5a        0x2 
 .text.TIM_Base_SetConfig
                0x08005f5c       0xdc ./Drivers/STM32F1xx_HAL_Driver/Src/stm32f1xx_hal_tim.o
                0x08005f5c                TIM_Base_SetConfig
 .text.TIM_OC1_SetConfig
                0x08006038       0xcc ./Drivers/STM32F1xx_HAL_Driver/Src/stm32f1xx_hal_tim.o
 .text.TIM_OC2_SetConfig
                0x08006104       0xd4 ./Drivers/STM32F1xx_HAL_Driver/Src/stm32f1xx_hal_tim.o
                0x08006104                TIM_OC2_SetConfig
 .text.TIM_OC3_SetConfig
                0x080061d8       0xd4 ./Drivers/STM32F1xx_HAL_Driver/Src/stm32f1xx_hal_tim.o
 .text.TIM_OC4_SetConfig
                0x080062ac       0x9c ./Drivers/STM32F1xx_HAL_Driver/Src/stm32f1xx_hal_tim.o
 .text.TIM_TI1_ConfigInputStage
                0x08006348       0x5c ./Drivers/STM32F1xx_HAL_Driver/Src/stm32f1xx_hal_tim.o
 .text.TIM_TI2_ConfigInputStage
                0x080063a4       0x5e ./Drivers/STM32F1xx_HAL_Driver/Src/stm32f1xx_hal_tim.o
 .text.TIM_ITRx_SetConfig
                0x08006402       0x34 ./Drivers/STM32F1xx_HAL_Driver/Src/stm32f1xx_hal_tim.o
 .text.TIM_ETR_SetConfig
                0x08006436       0x3e ./Drivers/STM32F1xx_HAL_Driver/Src/stm32f1xx_hal_tim.o
                0x08006436                TIM_ETR_SetConfig
 .text.TIM_CCxChannelCmd
                0x08006474       0x48 ./Drivers/STM32F1xx_HAL_Driver/Src/stm32f1xx_hal_tim.o
                0x08006474                TIM_CCxChannelCmd
 .text.HAL_TIMEx_MasterConfigSynchronization
                0x080064bc       0xbc ./Drivers/STM32F1xx_HAL_Driver/Src/stm32f1xx_hal_tim_ex.o
                0x080064bc                HAL_TIMEx_MasterConfigSynchronization
 .text.HAL_TIMEx_ConfigBreakDeadTime
                0x08006578       0xa2 ./Drivers/STM32F1xx_HAL_Driver/Src/stm32f1xx_hal_tim_ex.o
                0x08006578                HAL_TIMEx_ConfigBreakDeadTime
 .text.HAL_TIMEx_CommutCallback
                0x0800661a       0x12 ./Drivers/STM32F1xx_HAL_Driver/Src/stm32f1xx_hal_tim_ex.o
                0x0800661a                HAL_TIMEx_CommutCallback
 .text.HAL_TIMEx_BreakCallback
                0x0800662c       0x12 ./Drivers/STM32F1xx_HAL_Driver/Src/stm32f1xx_hal_tim_ex.o
                0x0800662c                HAL_TIMEx_BreakCallback
 .text.HAL_UART_Init
                0x0800663e       0xa0 ./Drivers/STM32F1xx_HAL_Driver/Src/stm32f1xx_hal_uart.o
                0x0800663e                HAL_UART_Init
 *fill*         0x080066de        0x2 
 .text.UART_SetConfig
                0x080066e0      0x11c ./Drivers/STM32F1xx_HAL_Driver/Src/stm32f1xx_hal_uart.o
 .text.memset   0x080067fc       0x10 D:/mcu/STM/STM32CubeIDE/plugins/com.st.stm32cube.ide.mcu.externaltools.gnu-tools-for-stm32.13.3.rel1.win32_1.0.100.202509120712/tools/bin/../lib/gcc/arm-none-eabi/13.3.1/../../../../arm-none-eabi/lib/thumb/v7-m/nofp\libc_nano.a(libc_a-memset.o)
                0x080067fc                memset
 .text.__errno  0x0800680c        0xc D:/mcu/STM/STM32CubeIDE/plugins/com.st.stm32cube.ide.mcu.externaltools.gnu-tools-for-stm32.13.3.rel1.win32_1.0.100.202509120712/tools/bin/../lib/gcc/arm-none-eabi/13.3.1/../../../../arm-none-eabi/lib/thumb/v7-m/nofp\libc_nano.a(libc_a-errno.o)
                0x0800680c                __errno
 .text.__libc_init_array
                0x08006818       0x48 D:/mcu/STM/STM32CubeIDE/plugins/com.st.stm32cube.ide.mcu.externaltools.gnu-tools-for-stm32.13.3.rel1.win32_1.0.100.202509120712/tools/bin/../lib/gcc/arm-none-eabi/13.3.1/../../../../arm-none-eabi/lib/thumb/v7-m/nofp\libc_nano.a(libc_a-init.o)
                0x08006818                __libc_init_array
 .text.fmodf    0x08006860       0x36 D:/mcu/STM/STM32CubeIDE/plugins/com.st.stm32cube.ide.mcu.externaltools.gnu-tools-for-stm32.13.3.rel1.win32_1.0.100.202509120712/tools/bin/../lib/gcc/arm-none-eabi/13.3.1/../../../../arm-none-eabi/lib/thumb/v7-m/nofp\libm.a(libm_a-wf_fmod.o)
                0x08006860                fmodf
 *fill*         0x08006896        0x2 
 .text.__ieee754_fmodf
                0x08006898      0x100 D:/mcu/STM/STM32CubeIDE/plugins/com.st.stm32cube.ide.mcu.externaltools.gnu-tools-for-stm32.13.3.rel1.win32_1.0.100.202509120712/tools/bin/../lib/gcc/arm-none-eabi/13.3.1/../../../../arm-none-eabi/lib/thumb/v7-m/nofp\libm.a(libm_a-ef_fmod.o)
                0x08006898                __ieee754_fmodf
 *(.glue_7)
 .glue_7        0x08006998        0x0 linker stubs
 *(.glue_7t)
 .glue_7t       0x08006998        0x0 linker stubs
 *(.eh_frame)
 .eh_frame      0x08006998        0x0 D:/mcu/STM/STM32CubeIDE/plugins/com.st.stm32cube.ide.mcu.externaltools.gnu-tools-for-stm32.13.3.rel1.win32_1.0.100.202509120712/tools/bin/../lib/gcc/arm-none-eabi/13.3.1/thumb/v7-m/nofp/crtbegin.o
 *(.init)
 .init          0x08006998        0x4 D:/mcu/STM/STM32CubeIDE/plugins/com.st.stm32cube.ide.mcu.externaltools.gnu-tools-for-stm32.13.3.rel1.win32_1.0.100.202509120712/tools/bin/../lib/gcc/arm-none-eabi/13.3.1/thumb/v7-m/nofp/crti.o
                0x08006998                _init
 .init          0x0800699c        0x8 D:/mcu/STM/STM32CubeIDE/plugins/com.st.stm32cube.ide.mcu.externaltools.gnu-tools-for-stm32.13.3.rel1.win32_1.0.100.202509120712/tools/bin/../lib/gcc/arm-none-eabi/13.3.1/thumb/v7-m/nofp/crtn.o
 *(.fini)
 .fini          0x080069a4        0x4 D:/mcu/STM/STM32CubeIDE/plugins/com.st.stm32cube.ide.mcu.externaltools.gnu-tools-for-stm32.13.3.rel1.win32_1.0.100.202509120712/tools/bin/../lib/gcc/arm-none-eabi/13.3.1/thumb/v7-m/nofp/crti.o
                0x080069a4                _fini
 .fini          0x080069a8        0x8 D:/mcu/STM/STM32CubeIDE/plugins/com.st.stm32cube.ide.mcu.externaltools.gnu-tools-for-stm32.13.3.rel1.win32_1.0.100.202509120712/tools/bin/../lib/gcc/arm-none-eabi/13.3.1/thumb/v7-m/nofp/crtn.o
                0x080069b0                        . = ALIGN (0x4)
                0x080069b0                        _etext = .

.vfp11_veneer   0x080069b0        0x0
 .vfp11_veneer  0x080069b0        0x0 linker stubs

.v4_bx          0x080069b0        0x0
 .v4_bx         0x080069b0        0x0 linker stubs

.iplt           0x080069b0        0x0
 .iplt          0x080069b0        0x0 D:/mcu/STM/STM32CubeIDE/plugins/com.st.stm32cube.ide.mcu.externaltools.gnu-tools-for-stm32.13.3.rel1.win32_1.0.100.202509120712/tools/bin/../lib/gcc/arm-none-eabi/13.3.1/thumb/v7-m/nofp/crtbegin.o

.rodata         0x080069b0       0x48
                0x080069b0                        . = ALIGN (0x4)
 *(.rodata)
 *(.rodata*)
 .rodata.AHBPrescTable
                0x080069b0       0x10 ./Core/Src/system_stm32f1xx.o
                0x080069b0                AHBPrescTable
 .rodata.APBPrescTable
                0x080069c0        0x8 ./Core/Src/system_stm32f1xx.o
                0x080069c0                APBPrescTable
 .rodata.aPLLMULFactorTable.1
                0x080069c8       0x10 ./Drivers/STM32F1xx_HAL_Driver/Src/stm32f1xx_hal_rcc.o
 .rodata.aPredivFactorTable.0
                0x080069d8        0x2 ./Drivers/STM32F1xx_HAL_Driver/Src/stm32f1xx_hal_rcc.o
 *fill*         0x080069da        0x2 
 .rodata.aPLLMULFactorTable.1
                0x080069dc       0x10 ./Drivers/STM32F1xx_HAL_Driver/Src/stm32f1xx_hal_rcc_ex.o
 .rodata.aPredivFactorTable.0
                0x080069ec        0x2 ./Drivers/STM32F1xx_HAL_Driver/Src/stm32f1xx_hal_rcc_ex.o
 *fill*         0x080069ee        0x2 
 .rodata.Zero   0x080069f0        0x8 D:/mcu/STM/STM32CubeIDE/plugins/com.st.stm32cube.ide.mcu.externaltools.gnu-tools-for-stm32.13.3.rel1.win32_1.0.100.202509120712/tools/bin/../lib/gcc/arm-none-eabi/13.3.1/../../../../arm-none-eabi/lib/thumb/v7-m/nofp\libm.a(libm_a-ef_fmod.o)
                0x080069f8                        . = ALIGN (0x4)

.ARM.extab      0x080069f8        0x0
                0x080069f8                        . = ALIGN (0x4)
 *(.ARM.extab* .gnu.linkonce.armextab.*)
                0x080069f8                        . = ALIGN (0x4)

.ARM            0x080069f8        0x0
                0x080069f8                        . = ALIGN (0x4)
                0x080069f8                        __exidx_start = .
 *(.ARM.exidx*)
                0x080069f8                        __exidx_end = .
                0x080069f8                        . = ALIGN (0x4)

.preinit_array  0x080069f8        0x0
                0x080069f8                        . = ALIGN (0x4)
                0x080069f8                        PROVIDE (__preinit_array_start = .)
 *(.preinit_array*)
                0x080069f8                        PROVIDE (__preinit_array_end = .)
                0x080069f8                        . = ALIGN (0x4)

.init_array     0x080069f8        0x4
                0x080069f8                        . = ALIGN (0x4)
                0x080069f8                        PROVIDE (__init_array_start = .)
 *(SORT_BY_NAME(.init_array.*))
 *(.init_array*)
 .init_array    0x080069f8        0x4 D:/mcu/STM/STM32CubeIDE/plugins/com.st.stm32cube.ide.mcu.externaltools.gnu-tools-for-stm32.13.3.rel1.win32_1.0.100.202509120712/tools/bin/../lib/gcc/arm-none-eabi/13.3.1/thumb/v7-m/nofp/crtbegin.o
                0x080069fc                        PROVIDE (__init_array_end = .)
                0x080069fc                        . = ALIGN (0x4)

.fini_array     0x080069fc        0x4
                0x080069fc                        . = ALIGN (0x4)
                [!provide]                        PROVIDE (__fini_array_start = .)
 *(SORT_BY_NAME(.fini_array.*))
 *(.fini_array*)
 .fini_array    0x080069fc        0x4 D:/mcu/STM/STM32CubeIDE/plugins/com.st.stm32cube.ide.mcu.externaltools.gnu-tools-for-stm32.13.3.rel1.win32_1.0.100.202509120712/tools/bin/../lib/gcc/arm-none-eabi/13.3.1/thumb/v7-m/nofp/crtbegin.o
                [!provide]                        PROVIDE (__fini_array_end = .)
                0x08006a00                        . = ALIGN (0x4)
                0x08006a00                        _sidata = LOADADDR (.data)

.rel.dyn        0x08006a00        0x0
 .rel.iplt      0x08006a00        0x0 D:/mcu/STM/STM32CubeIDE/plugins/com.st.stm32cube.ide.mcu.externaltools.gnu-tools-for-stm32.13.3.rel1.win32_1.0.100.202509120712/tools/bin/../lib/gcc/arm-none-eabi/13.3.1/thumb/v7-m/nofp/crtbegin.o

.data           0x20000000       0x5c load address 0x08006a00
                0x20000000                        . = ALIGN (0x4)
                0x20000000                        _sdata = .
 *(.data)
 *(.data*)
 .data.SystemCoreClock
                0x20000000        0x4 ./Core/Src/system_stm32f1xx.o
                0x20000000                SystemCoreClock
 .data.uwTickPrio
                0x20000004        0x4 ./Drivers/STM32F1xx_HAL_Driver/Src/stm32f1xx_hal.o
                0x20000004                uwTickPrio
 .data.uwTickFreq
                0x20000008        0x1 ./Drivers/STM32F1xx_HAL_Driver/Src/stm32f1xx_hal.o
                0x20000008                uwTickFreq
 *fill*         0x20000009        0x3 
 .data._impure_ptr
                0x2000000c        0x4 D:/mcu/STM/STM32CubeIDE/plugins/com.st.stm32cube.ide.mcu.externaltools.gnu-tools-for-stm32.13.3.rel1.win32_1.0.100.202509120712/tools/bin/../lib/gcc/arm-none-eabi/13.3.1/../../../../arm-none-eabi/lib/thumb/v7-m/nofp\libc_nano.a(libc_a-impure.o)
                0x2000000c                _impure_ptr
 .data._impure_data
                0x20000010       0x4c D:/mcu/STM/STM32CubeIDE/plugins/com.st.stm32cube.ide.mcu.externaltools.gnu-tools-for-stm32.13.3.rel1.win32_1.0.100.202509120712/tools/bin/../lib/gcc/arm-none-eabi/13.3.1/../../../../arm-none-eabi/lib/thumb/v7-m/nofp\libc_nano.a(libc_a-impure.o)
                0x20000010                _impure_data
 *(.RamFunc)
 *(.RamFunc*)
                0x2000005c                        . = ALIGN (0x4)
                0x2000005c                        _edata = .

.igot.plt       0x2000005c        0x0 load address 0x08006a5c
 .igot.plt      0x2000005c        0x0 D:/mcu/STM/STM32CubeIDE/plugins/com.st.stm32cube.ide.mcu.externaltools.gnu-tools-for-stm32.13.3.rel1.win32_1.0.100.202509120712/tools/bin/../lib/gcc/arm-none-eabi/13.3.1/thumb/v7-m/nofp/crtbegin.o
                0x2000005c                        . = ALIGN (0x4)

.bss            0x2000005c      0x4e0 load address 0x08006a5c
                0x2000005c                        _sbss = .
                0x2000005c                        __bss_start__ = _sbss
 *(.bss)
 .bss           0x2000005c       0x1c D:/mcu/STM/STM32CubeIDE/plugins/com.st.stm32cube.ide.mcu.externaltools.gnu-tools-for-stm32.13.3.rel1.win32_1.0.100.202509120712/tools/bin/../lib/gcc/arm-none-eabi/13.3.1/thumb/v7-m/nofp/crtbegin.o
 *(.bss*)
 .bss.hadc1     0x20000078       0x30 ./Core/Src/adc.o
                0x20000078                hadc1
 .bss.hdma_adc1
                0x200000a8       0x44 ./Core/Src/adc.o
                0x200000a8                hdma_adc1
 .bss.hi2c2     0x200000ec       0x54 ./Core/Src/i2c.o
                0x200000ec                hi2c2
 .bss.motor_left_data
                0x20000140        0xc ./Core/Src/motor.o
                0x20000140                motor_left_data
 .bss.motor_right_data
                0x2000014c        0xc ./Core/Src/motor.o
                0x2000014c                motor_right_data
 .bss.motor_left_speed_pid
                0x20000158       0x34 ./Core/Src/motor.o
                0x20000158                motor_left_speed_pid
 .bss.motor_right_speed_pid
                0x2000018c       0x34 ./Core/Src/motor.o
                0x2000018c                motor_right_speed_pid
 .bss.lpf1_left_speed
                0x200001c0        0x4 ./Core/Src/motor.o
                0x200001c0                lpf1_left_speed
 .bss.lpf1_right_speed
                0x200001c4        0x4 ./Core/Src/motor.o
                0x200001c4                lpf1_right_speed
 .bss.pre_time.4
                0x200001c8        0x4 ./Core/Src/motor.o
 .bss.preLeftCount.3
                0x200001cc        0x2 ./Core/Src/motor.o
 .bss.preRightCount.2
                0x200001ce        0x2 ./Core/Src/motor.o
 .bss.total_left_count.1
                0x200001d0        0x4 ./Core/Src/motor.o
 .bss.total_right_count.0
                0x200001d4        0x4 ./Core/Src/motor.o
 .bss.gyro_data_raw
                0x200001d8       0x38 ./Core/Src/sensor.o
                0x200001d8                gyro_data_raw
 .bss.raw_adc_data
                0x20000210        0xa ./Core/Src/sensor.o
                0x20000210                raw_adc_data
 *fill*         0x2000021a        0x2 
 .bss.adc_data  0x2000021c        0xa ./Core/Src/sensor.o
                0x2000021c                adc_data
 *fill*         0x20000226        0x2 
 .bss.gyro_data
                0x20000228        0xc ./Core/Src/sensor.o
                0x20000228                gyro_data
 .bss.total_angle_z
                0x20000234        0x4 ./Core/Src/sensor.o
                0x20000234                total_angle_z
 .bss.gyro_x_filter
                0x20000238       0x18 ./Core/Src/sensor.o
                0x20000238                gyro_x_filter
 .bss.gyro_y_filter
                0x20000250       0x18 ./Core/Src/sensor.o
                0x20000250                gyro_y_filter
 .bss.gyro_z_filter
                0x20000268       0x18 ./Core/Src/sensor.o
                0x20000268                gyro_z_filter
 .bss.prev_data.0
                0x20000280        0xa ./Core/Src/sensor.o
 .bss.echo_received
                0x2000028a        0x1 ./Core/Src/stm32f1xx_it.o
                0x2000028a                echo_received
 *fill*         0x2000028b        0x1 
 .bss.rising_time
                0x2000028c        0x4 ./Core/Src/stm32f1xx_it.o
                0x2000028c                rising_time
 .bss.falling_time
                0x20000290        0x4 ./Core/Src/stm32f1xx_it.o
                0x20000290                falling_time
 .bss.distance  0x20000294        0x4 ./Core/Src/stm32f1xx_it.o
                0x20000294                distance
 .bss.htim1     0x20000298       0x48 ./Core/Src/tim.o
                0x20000298                htim1
 .bss.htim2     0x200002e0       0x48 ./Core/Src/tim.o
                0x200002e0                htim2
 .bss.htim3     0x20000328       0x48 ./Core/Src/tim.o
                0x20000328                htim3
 .bss.htim4     0x20000370       0x48 ./Core/Src/tim.o
                0x20000370                htim4
 .bss.huart1    0x200003b8       0x48 ./Core/Src/usart.o
                0x200003b8                huart1
 .bss.uwTick    0x20000400        0x4 ./Drivers/STM32F1xx_HAL_Driver/Src/stm32f1xx_hal.o
                0x20000400                uwTick
 .bss.__sf      0x20000404      0x138 D:/mcu/STM/STM32CubeIDE/plugins/com.st.stm32cube.ide.mcu.externaltools.gnu-tools-for-stm32.13.3.rel1.win32_1.0.100.202509120712/tools/bin/../lib/gcc/arm-none-eabi/13.3.1/../../../../arm-none-eabi/lib/thumb/v7-m/nofp\libc_nano.a(libc_a-findfp.o)
                0x20000404                __sf
 *(COMMON)
                0x2000053c                        . = ALIGN (0x4)
                0x2000053c                        _ebss = .
                0x2000053c                        __bss_end__ = _ebss

._user_heap_stack
                0x2000053c      0x604 load address 0x08006a5c
                0x20000540                        . = ALIGN (0x8)
 *fill*         0x2000053c        0x4 
                [!provide]                        PROVIDE (end = .)
                0x20000540                        PROVIDE (_end = .)
                0x20000740                        . = (. + _Min_Heap_Size)
 *fill*         0x20000540      0x200 
                0x20000b40                        . = (. + _Min_Stack_Size)
 *fill*         0x20000740      0x400 
                0x20000b40                        . = ALIGN (0x8)

/DISCARD/
 libc.a(*)
 libm.a(*)
 libgcc.a(*)

.ARM.attributes
                0x00000000       0x29
 *(.ARM.attributes)
 .ARM.attributes
                0x00000000       0x1d D:/mcu/STM/STM32CubeIDE/plugins/com.st.stm32cube.ide.mcu.externaltools.gnu-tools-for-stm32.13.3.rel1.win32_1.0.100.202509120712/tools/bin/../lib/gcc/arm-none-eabi/13.3.1/thumb/v7-m/nofp/crti.o
 .ARM.attributes
                0x0000001d       0x2d D:/mcu/STM/STM32CubeIDE/plugins/com.st.stm32cube.ide.mcu.externaltools.gnu-tools-for-stm32.13.3.rel1.win32_1.0.100.202509120712/tools/bin/../lib/gcc/arm-none-eabi/13.3.1/thumb/v7-m/nofp/crtbegin.o
 .ARM.attributes
                0x0000004a       0x2d ./Core/Src/adc.o
 .ARM.attributes
                0x00000077       0x2d ./Core/Src/dma.o
 .ARM.attributes
                0x000000a4       0x2d ./Core/Src/gpio.o
 .ARM.attributes
                0x000000d1       0x2d ./Core/Src/gyro.o
 .ARM.attributes
                0x000000fe       0x2d ./Core/Src/i2c.o
 .ARM.attributes
                0x0000012b       0x2d ./Core/Src/main.o
 .ARM.attributes
                0x00000158       0x2d ./Core/Src/motor.o
 .ARM.attributes
                0x00000185       0x2d ./Core/Src/pid.o
 .ARM.attributes
                0x000001b2       0x2d ./Core/Src/sensor.o
 .ARM.attributes
                0x000001df       0x2d ./Core/Src/stm32f1xx_hal_msp.o
 .ARM.attributes
                0x0000020c       0x2d ./Core/Src/stm32f1xx_it.o
 .ARM.attributes
                0x00000239       0x2d ./Core/Src/system_stm32f1xx.o
 .ARM.attributes
                0x00000266       0x2d ./Core/Src/tim.o
 .ARM.attributes
                0x00000293       0x2d ./Core/Src/ultransonic.o
 .ARM.attributes
                0x000002c0       0x2d ./Core/Src/usart.o
 .ARM.attributes
                0x000002ed       0x21 ./Core/Startup/startup_stm32f103c8tx.o
 .ARM.attributes
                0x0000030e       0x2d ./Drivers/STM32F1xx_HAL_Driver/Src/stm32f1xx_hal.o
 .ARM.attributes
                0x0000033b       0x2d ./Drivers/STM32F1xx_HAL_Driver/Src/stm32f1xx_hal_adc.o
 .ARM.attributes
                0x00000368       0x2d ./Drivers/STM32F1xx_HAL_Driver/Src/stm32f1xx_hal_adc_ex.o
 .ARM.attributes
                0x00000395       0x2d ./Drivers/STM32F1xx_HAL_Driver/Src/stm32f1xx_hal_cortex.o
 .ARM.attributes
                0x000003c2       0x2d ./Drivers/STM32F1xx_HAL_Driver/Src/stm32f1xx_hal_dma.o
 .ARM.attributes
                0x000003ef       0x2d ./Drivers/STM32F1xx_HAL_Driver/Src/stm32f1xx_hal_gpio.o
 .ARM.attributes
                0x0000041c       0x2d ./Drivers/STM32F1xx_HAL_Driver/Src/stm32f1xx_hal_i2c.o
 .ARM.attributes
                0x00000449       0x2d ./Drivers/STM32F1xx_HAL_Driver/Src/stm32f1xx_hal_rcc.o
 .ARM.attributes
                0x00000476       0x2d ./Drivers/STM32F1xx_HAL_Driver/Src/stm32f1xx_hal_rcc_ex.o
 .ARM.attributes
                0x000004a3       0x2d ./Drivers/STM32F1xx_HAL_Driver/Src/stm32f1xx_hal_tim.o
 .ARM.attributes
                0x000004d0       0x2d ./Drivers/STM32F1xx_HAL_Driver/Src/stm32f1xx_hal_tim_ex.o
 .ARM.attributes
                0x000004fd       0x2d ./Drivers/STM32F1xx_HAL_Driver/Src/stm32f1xx_hal_uart.o
 .ARM.attributes
                0x0000052a       0x2d D:/mcu/STM/STM32CubeIDE/plugins/com.st.stm32cube.ide.mcu.externaltools.gnu-tools-for-stm32.13.3.rel1.win32_1.0.100.202509120712/tools/bin/../lib/gcc/arm-none-eabi/13.3.1/../../../../arm-none-eabi/lib/thumb/v7-m/nofp\libc_nano.a(libc_a-findfp.o)
 .ARM.attributes
                0x00000557       0x2d D:/mcu/STM/STM32CubeIDE/plugins/com.st.stm32cube.ide.mcu.externaltools.gnu-tools-for-stm32.13.3.rel1.win32_1.0.100.202509120712/tools/bin/../lib/gcc/arm-none-eabi/13.3.1/../../../../arm-none-eabi/lib/thumb/v7-m/nofp\libc_nano.a(libc_a-memset.o)
 .ARM.attributes
                0x00000584       0x2d D:/mcu/STM/STM32CubeIDE/plugins/com.st.stm32cube.ide.mcu.externaltools.gnu-tools-for-stm32.13.3.rel1.win32_1.0.100.202509120712/tools/bin/../lib/gcc/arm-none-eabi/13.3.1/../../../../arm-none-eabi/lib/thumb/v7-m/nofp\libc_nano.a(libc_a-impure.o)
 .ARM.attributes
                0x000005b1       0x2d D:/mcu/STM/STM32CubeIDE/plugins/com.st.stm32cube.ide.mcu.externaltools.gnu-tools-for-stm32.13.3.rel1.win32_1.0.100.202509120712/tools/bin/../lib/gcc/arm-none-eabi/13.3.1/../../../../arm-none-eabi/lib/thumb/v7-m/nofp\libc_nano.a(libc_a-errno.o)
 .ARM.attributes
                0x000005de       0x2d D:/mcu/STM/STM32CubeIDE/plugins/com.st.stm32cube.ide.mcu.externaltools.gnu-tools-for-stm32.13.3.rel1.win32_1.0.100.202509120712/tools/bin/../lib/gcc/arm-none-eabi/13.3.1/../../../../arm-none-eabi/lib/thumb/v7-m/nofp\libc_nano.a(libc_a-init.o)
 .ARM.attributes
                0x0000060b       0x2d D:/mcu/STM/STM32CubeIDE/plugins/com.st.stm32cube.ide.mcu.externaltools.gnu-tools-for-stm32.13.3.rel1.win32_1.0.100.202509120712/tools/bin/../lib/gcc/arm-none-eabi/13.3.1/../../../../arm-none-eabi/lib/thumb/v7-m/nofp\libm.a(libm_a-wf_fmod.o)
 .ARM.attributes
                0x00000638       0x2d D:/mcu/STM/STM32CubeIDE/plugins/com.st.stm32cube.ide.mcu.externaltools.gnu-tools-for-stm32.13.3.rel1.win32_1.0.100.202509120712/tools/bin/../lib/gcc/arm-none-eabi/13.3.1/../../../../arm-none-eabi/lib/thumb/v7-m/nofp\libm.a(libm_a-ef_fmod.o)
 .ARM.attributes
                0x00000665       0x1d D:/mcu/STM/STM32CubeIDE/plugins/com.st.stm32cube.ide.mcu.externaltools.gnu-tools-for-stm32.13.3.rel1.win32_1.0.100.202509120712/tools/bin/../lib/gcc/arm-none-eabi/13.3.1/thumb/v7-m/nofp\libgcc.a(_arm_addsubsf3.o)
 .ARM.attributes
                0x00000682       0x1d D:/mcu/STM/STM32CubeIDE/plugins/com.st.stm32cube.ide.mcu.externaltools.gnu-tools-for-stm32.13.3.rel1.win32_1.0.100.202509120712/tools/bin/../lib/gcc/arm-none-eabi/13.3.1/thumb/v7-m/nofp\libgcc.a(_arm_muldivsf3.o)
 .ARM.attributes
                0x0000069f       0x1d D:/mcu/STM/STM32CubeIDE/plugins/com.st.stm32cube.ide.mcu.externaltools.gnu-tools-for-stm32.13.3.rel1.win32_1.0.100.202509120712/tools/bin/../lib/gcc/arm-none-eabi/13.3.1/thumb/v7-m/nofp\libgcc.a(_arm_cmpsf2.o)
 .ARM.attributes
                0x000006bc       0x1d D:/mcu/STM/STM32CubeIDE/plugins/com.st.stm32cube.ide.mcu.externaltools.gnu-tools-for-stm32.13.3.rel1.win32_1.0.100.202509120712/tools/bin/../lib/gcc/arm-none-eabi/13.3.1/thumb/v7-m/nofp\libgcc.a(_arm_unordsf2.o)
 .ARM.attributes
                0x000006d9       0x1d D:/mcu/STM/STM32CubeIDE/plugins/com.st.stm32cube.ide.mcu.externaltools.gnu-tools-for-stm32.13.3.rel1.win32_1.0.100.202509120712/tools/bin/../lib/gcc/arm-none-eabi/13.3.1/thumb/v7-m/nofp\libgcc.a(_arm_fixsfsi.o)
 .ARM.attributes
                0x000006f6       0x1d D:/mcu/STM/STM32CubeIDE/plugins/com.st.stm32cube.ide.mcu.externaltools.gnu-tools-for-stm32.13.3.rel1.win32_1.0.100.202509120712/tools/bin/../lib/gcc/arm-none-eabi/13.3.1/thumb/v7-m/nofp\libgcc.a(_arm_fixunssfsi.o)
 .ARM.attributes
                0x00000713       0x1d D:/mcu/STM/STM32CubeIDE/plugins/com.st.stm32cube.ide.mcu.externaltools.gnu-tools-for-stm32.13.3.rel1.win32_1.0.100.202509120712/tools/bin/../lib/gcc/arm-none-eabi/13.3.1/thumb/v7-m/nofp/crtn.o
OUTPUT(ElecMag_Car.elf elf32-littlearm)
LOAD linker stubs
LOAD D:/mcu/STM/STM32CubeIDE/plugins/com.st.stm32cube.ide.mcu.externaltools.gnu-tools-for-stm32.13.3.rel1.win32_1.0.100.202509120712/tools/bin/../lib/gcc/arm-none-eabi/13.3.1/../../../../arm-none-eabi/lib/thumb/v7-m/nofp\libc.a
LOAD D:/mcu/STM/STM32CubeIDE/plugins/com.st.stm32cube.ide.mcu.externaltools.gnu-tools-for-stm32.13.3.rel1.win32_1.0.100.202509120712/tools/bin/../lib/gcc/arm-none-eabi/13.3.1/../../../../arm-none-eabi/lib/thumb/v7-m/nofp\libm.a
LOAD D:/mcu/STM/STM32CubeIDE/plugins/com.st.stm32cube.ide.mcu.externaltools.gnu-tools-for-stm32.13.3.rel1.win32_1.0.100.202509120712/tools/bin/../lib/gcc/arm-none-eabi/13.3.1/thumb/v7-m/nofp\libgcc.a

.debug_info     0x00000000    0x1429c
 .debug_info    0x00000000      0x7fc ./Core/Src/adc.o
 .debug_info    0x000007fc      0x2cf ./Core/Src/dma.o
 .debug_info    0x00000acb      0x44e ./Core/Src/gpio.o
 .debug_info    0x00000f19      0xb26 ./Core/Src/gyro.o
 .debug_info    0x00001a3f      0x7e3 ./Core/Src/i2c.o
 .debug_info    0x00002222      0x5b2 ./Core/Src/main.o
 .debug_info    0x000027d4      0xb8e ./Core/Src/motor.o
 .debug_info    0x00003362      0x826 ./Core/Src/pid.o
 .debug_info    0x00003b88      0x93c ./Core/Src/sensor.o
 .debug_info    0x000044c4      0x1f1 ./Core/Src/stm32f1xx_hal_msp.o
 .debug_info    0x000046b5      0x836 ./Core/Src/stm32f1xx_it.o
 .debug_info    0x00004eeb      0x222 ./Core/Src/system_stm32f1xx.o
 .debug_info    0x0000510d      0xf92 ./Core/Src/tim.o
 .debug_info    0x0000609f      0x79f ./Core/Src/ultransonic.o
 .debug_info    0x0000683e      0x82c ./Core/Src/usart.o
 .debug_info    0x0000706a       0x30 ./Core/Startup/startup_stm32f103c8tx.o
 .debug_info    0x0000709a      0x704 ./Drivers/STM32F1xx_HAL_Driver/Src/stm32f1xx_hal.o
 .debug_info    0x0000779e      0xc50 ./Drivers/STM32F1xx_HAL_Driver/Src/stm32f1xx_hal_adc.o
 .debug_info    0x000083ee      0xa10 ./Drivers/STM32F1xx_HAL_Driver/Src/stm32f1xx_hal_adc_ex.o
 .debug_info    0x00008dfe      0xa87 ./Drivers/STM32F1xx_HAL_Driver/Src/stm32f1xx_hal_cortex.o
 .debug_info    0x00009885      0x6d2 ./Drivers/STM32F1xx_HAL_Driver/Src/stm32f1xx_hal_dma.o
 .debug_info    0x00009f57      0x5ab ./Drivers/STM32F1xx_HAL_Driver/Src/stm32f1xx_hal_gpio.o
 .debug_info    0x0000a502     0x2524 ./Drivers/STM32F1xx_HAL_Driver/Src/stm32f1xx_hal_i2c.o
 .debug_info    0x0000ca26      0x7d5 ./Drivers/STM32F1xx_HAL_Driver/Src/stm32f1xx_hal_rcc.o
 .debug_info    0x0000d1fb      0x3c0 ./Drivers/STM32F1xx_HAL_Driver/Src/stm32f1xx_hal_rcc_ex.o
 .debug_info    0x0000d5bb     0x2959 ./Drivers/STM32F1xx_HAL_Driver/Src/stm32f1xx_hal_tim.o
 .debug_info    0x0000ff14     0x149b ./Drivers/STM32F1xx_HAL_Driver/Src/stm32f1xx_hal_tim_ex.o
 .debug_info    0x000113af     0x2eed ./Drivers/STM32F1xx_HAL_Driver/Src/stm32f1xx_hal_uart.o

.debug_abbrev   0x00000000     0x380e
 .debug_abbrev  0x00000000      0x1f2 ./Core/Src/adc.o
 .debug_abbrev  0x000001f2       0xfc ./Core/Src/dma.o
 .debug_abbrev  0x000002ee      0x161 ./Core/Src/gpio.o
 .debug_abbrev  0x0000044f      0x26f ./Core/Src/gyro.o
 .debug_abbrev  0x000006be      0x1de ./Core/Src/i2c.o
 .debug_abbrev  0x0000089c      0x215 ./Core/Src/main.o
 .debug_abbrev  0x00000ab1      0x256 ./Core/Src/motor.o
 .debug_abbrev  0x00000d07      0x1cf ./Core/Src/pid.o
 .debug_abbrev  0x00000ed6      0x298 ./Core/Src/sensor.o
 .debug_abbrev  0x0000116e       0xdb ./Core/Src/stm32f1xx_hal_msp.o
 .debug_abbrev  0x00001249      0x216 ./Core/Src/stm32f1xx_it.o
 .debug_abbrev  0x0000145f      0x13f ./Core/Src/system_stm32f1xx.o
 .debug_abbrev  0x0000159e      0x287 ./Core/Src/tim.o
 .debug_abbrev  0x00001825      0x1c3 ./Core/Src/ultransonic.o
 .debug_abbrev  0x000019e8      0x1f7 ./Core/Src/usart.o
 .debug_abbrev  0x00001bdf       0x24 ./Core/Startup/startup_stm32f103c8tx.o
 .debug_abbrev  0x00001c03      0x201 ./Drivers/STM32F1xx_HAL_Driver/Src/stm32f1xx_hal.o
 .debug_abbrev  0x00001e04      0x225 ./Drivers/STM32F1xx_HAL_Driver/Src/stm32f1xx_hal_adc.o
 .debug_abbrev  0x00002029      0x249 ./Drivers/STM32F1xx_HAL_Driver/Src/stm32f1xx_hal_adc_ex.o
 .debug_abbrev  0x00002272      0x2f8 ./Drivers/STM32F1xx_HAL_Driver/Src/stm32f1xx_hal_cortex.o
 .debug_abbrev  0x0000256a      0x20b ./Drivers/STM32F1xx_HAL_Driver/Src/stm32f1xx_hal_dma.o
 .debug_abbrev  0x00002775      0x1ca ./Drivers/STM32F1xx_HAL_Driver/Src/stm32f1xx_hal_gpio.o
 .debug_abbrev  0x0000293f      0x2a3 ./Drivers/STM32F1xx_HAL_Driver/Src/stm32f1xx_hal_i2c.o
 .debug_abbrev  0x00002be2      0x2b3 ./Drivers/STM32F1xx_HAL_Driver/Src/stm32f1xx_hal_rcc.o
 .debug_abbrev  0x00002e95      0x188 ./Drivers/STM32F1xx_HAL_Driver/Src/stm32f1xx_hal_rcc_ex.o
 .debug_abbrev  0x0000301d      0x277 ./Drivers/STM32F1xx_HAL_Driver/Src/stm32f1xx_hal_tim.o
 .debug_abbrev  0x00003294      0x282 ./Drivers/STM32F1xx_HAL_Driver/Src/stm32f1xx_hal_tim_ex.o
 .debug_abbrev  0x00003516      0x2f8 ./Drivers/STM32F1xx_HAL_Driver/Src/stm32f1xx_hal_uart.o

.debug_aranges  0x00000000     0x1298
 .debug_aranges
                0x00000000       0x30 ./Core/Src/adc.o
 .debug_aranges
                0x00000030       0x20 ./Core/Src/dma.o
 .debug_aranges
                0x00000050       0x20 ./Core/Src/gpio.o
 .debug_aranges
                0x00000070       0x78 ./Core/Src/gyro.o
 .debug_aranges
                0x000000e8       0x30 ./Core/Src/i2c.o
 .debug_aranges
                0x00000118       0x30 ./Core/Src/main.o
 .debug_aranges
                0x00000148       0x48 ./Core/Src/motor.o
 .debug_aranges
                0x00000190       0x48 ./Core/Src/pid.o
 .debug_aranges
                0x000001d8       0x48 ./Core/Src/sensor.o
 .debug_aranges
                0x00000220       0x20 ./Core/Src/stm32f1xx_hal_msp.o
 .debug_aranges
                0x00000240       0x78 ./Core/Src/stm32f1xx_it.o
 .debug_aranges
                0x000002b8       0x28 ./Core/Src/system_stm32f1xx.o
 .debug_aranges
                0x000002e0       0x60 ./Core/Src/tim.o
 .debug_aranges
                0x00000340       0x30 ./Core/Src/ultransonic.o
 .debug_aranges
                0x00000370       0x30 ./Core/Src/usart.o
 .debug_aranges
                0x000003a0       0x28 ./Core/Startup/startup_stm32f103c8tx.o
 .debug_aranges
                0x000003c8       0xe0 ./Drivers/STM32F1xx_HAL_Driver/Src/stm32f1xx_hal.o
 .debug_aranges
                0x000004a8       0xf0 ./Drivers/STM32F1xx_HAL_Driver/Src/stm32f1xx_hal_adc.o
 .debug_aranges
                0x00000598       0x80 ./Drivers/STM32F1xx_HAL_Driver/Src/stm32f1xx_hal_adc_ex.o
 .debug_aranges
                0x00000618      0x100 ./Drivers/STM32F1xx_HAL_Driver/Src/stm32f1xx_hal_cortex.o
 .debug_aranges
                0x00000718       0x80 ./Drivers/STM32F1xx_HAL_Driver/Src/stm32f1xx_hal_dma.o
 .debug_aranges
                0x00000798       0x58 ./Drivers/STM32F1xx_HAL_Driver/Src/stm32f1xx_hal_gpio.o
 .debug_aranges
                0x000007f0      0x2a8 ./Drivers/STM32F1xx_HAL_Driver/Src/stm32f1xx_hal_i2c.o
 .debug_aranges
                0x00000a98       0x90 ./Drivers/STM32F1xx_HAL_Driver/Src/stm32f1xx_hal_rcc.o
 .debug_aranges
                0x00000b28       0x30 ./Drivers/STM32F1xx_HAL_Driver/Src/stm32f1xx_hal_rcc_ex.o
 .debug_aranges
                0x00000b58      0x3d0 ./Drivers/STM32F1xx_HAL_Driver/Src/stm32f1xx_hal_tim.o
 .debug_aranges
                0x00000f28      0x168 ./Drivers/STM32F1xx_HAL_Driver/Src/stm32f1xx_hal_tim_ex.o
 .debug_aranges
                0x00001090      0x208 ./Drivers/STM32F1xx_HAL_Driver/Src/stm32f1xx_hal_uart.o

.debug_rnglists
                0x00000000      0xe8a
 .debug_rnglists
                0x00000000       0x21 ./Core/Src/adc.o
 .debug_rnglists
                0x00000021       0x13 ./Core/Src/dma.o
 .debug_rnglists
                0x00000034       0x14 ./Core/Src/gpio.o
 .debug_rnglists
                0x00000048       0x5c ./Core/Src/gyro.o
 .debug_rnglists
                0x000000a4       0x20 ./Core/Src/i2c.o
 .debug_rnglists
                0x000000c4       0x21 ./Core/Src/main.o
 .debug_rnglists
                0x000000e5       0x34 ./Core/Src/motor.o
 .debug_rnglists
                0x00000119       0x33 ./Core/Src/pid.o
 .debug_rnglists
                0x0000014c       0x34 ./Core/Src/sensor.o
 .debug_rnglists
                0x00000180       0x13 ./Core/Src/stm32f1xx_hal_msp.o
 .debug_rnglists
                0x00000193       0x56 ./Core/Src/stm32f1xx_it.o
 .debug_rnglists
                0x000001e9       0x1a ./Core/Src/system_stm32f1xx.o
 .debug_rnglists
                0x00000203       0x48 ./Core/Src/tim.o
 .debug_rnglists
                0x0000024b       0x20 ./Core/Src/ultransonic.o
 .debug_rnglists
                0x0000026b       0x20 ./Core/Src/usart.o
 .debug_rnglists
                0x0000028b       0x19 ./Core/Startup/startup_stm32f103c8tx.o
 .debug_rnglists
                0x000002a4       0xa3 ./Drivers/STM32F1xx_HAL_Driver/Src/stm32f1xx_hal.o
 .debug_rnglists
                0x00000347       0xbc ./Drivers/STM32F1xx_HAL_Driver/Src/stm32f1xx_hal_adc.o
 .debug_rnglists
                0x00000403       0x65 ./Drivers/STM32F1xx_HAL_Driver/Src/stm32f1xx_hal_adc_ex.o
 .debug_rnglists
                0x00000468       0xbb ./Drivers/STM32F1xx_HAL_Driver/Src/stm32f1xx_hal_cortex.o
 .debug_rnglists
                0x00000523       0x64 ./Drivers/STM32F1xx_HAL_Driver/Src/stm32f1xx_hal_dma.o
 .debug_rnglists
                0x00000587       0x3f ./Drivers/STM32F1xx_HAL_Driver/Src/stm32f1xx_hal_gpio.o
 .debug_rnglists
                0x000005c6      0x23c ./Drivers/STM32F1xx_HAL_Driver/Src/stm32f1xx_hal_i2c.o
 .debug_rnglists
                0x00000802       0x6c ./Drivers/STM32F1xx_HAL_Driver/Src/stm32f1xx_hal_rcc.o
 .debug_rnglists
                0x0000086e       0x21 ./Drivers/STM32F1xx_HAL_Driver/Src/stm32f1xx_hal_rcc_ex.o
 .debug_rnglists
                0x0000088f      0x31a ./Drivers/STM32F1xx_HAL_Driver/Src/stm32f1xx_hal_tim.o
 .debug_rnglists
                0x00000ba9      0x125 ./Drivers/STM32F1xx_HAL_Driver/Src/stm32f1xx_hal_tim_ex.o
 .debug_rnglists
                0x00000cce      0x1bc ./Drivers/STM32F1xx_HAL_Driver/Src/stm32f1xx_hal_uart.o

.debug_macro    0x00000000    0x1a37c
 .debug_macro   0x00000000      0x1da ./Core/Src/adc.o
 .debug_macro   0x000001da      0xacc ./Core/Src/adc.o
 .debug_macro   0x00000ca6      0x22d ./Core/Src/adc.o
 .debug_macro   0x00000ed3       0x2e ./Core/Src/adc.o
 .debug_macro   0x00000f01       0x22 ./Core/Src/adc.o
 .debug_macro   0x00000f23       0x22 ./Core/Src/adc.o
 .debug_macro   0x00000f45       0x8e ./Core/Src/adc.o
 .debug_macro   0x00000fd3       0x51 ./Core/Src/adc.o
 .debug_macro   0x00001024      0x103 ./Core/Src/adc.o
 .debug_macro   0x00001127       0x6a ./Core/Src/adc.o
 .debug_macro   0x00001191      0x1df ./Core/Src/adc.o
 .debug_macro   0x00001370       0x1c ./Core/Src/adc.o
 .debug_macro   0x0000138c       0x22 ./Core/Src/adc.o
 .debug_macro   0x000013ae       0xbd ./Core/Src/adc.o
 .debug_macro   0x0000146b      0xd23 ./Core/Src/adc.o
 .debug_macro   0x0000218e     0xe09e ./Core/Src/adc.o
 .debug_macro   0x0001022c       0x6d ./Core/Src/adc.o
 .debug_macro   0x00010299     0x34a2 ./Core/Src/adc.o
 .debug_macro   0x0001373b      0x190 ./Core/Src/adc.o
 .debug_macro   0x000138cb       0x5c ./Core/Src/adc.o
 .debug_macro   0x00013927      0x5bc ./Core/Src/adc.o
 .debug_macro   0x00013ee3      0x289 ./Core/Src/adc.o
 .debug_macro   0x0001416c      0x1cb ./Core/Src/adc.o
 .debug_macro   0x00014337      0x114 ./Core/Src/adc.o
 .debug_macro   0x0001444b      0x1b2 ./Core/Src/adc.o
 .debug_macro   0x000145fd       0x27 ./Core/Src/adc.o
 .debug_macro   0x00014624      0x136 ./Core/Src/adc.o
 .debug_macro   0x0001475a      0x1bc ./Core/Src/adc.o
 .debug_macro   0x00014916       0x34 ./Core/Src/adc.o
 .debug_macro   0x0001494a       0x3c ./Core/Src/adc.o
 .debug_macro   0x00014986       0x57 ./Core/Src/adc.o
 .debug_macro   0x000149dd      0x46a ./Core/Src/adc.o
 .debug_macro   0x00014e47      0x1b5 ./Core/Src/adc.o
 .debug_macro   0x00014ffc       0x87 ./Core/Src/adc.o
 .debug_macro   0x00015083      0x240 ./Core/Src/adc.o
 .debug_macro   0x000152c3      0x287 ./Core/Src/adc.o
 .debug_macro   0x0001554a      0x140 ./Core/Src/adc.o
 .debug_macro   0x0001568a      0x8ed ./Core/Src/adc.o
 .debug_macro   0x00015f77      0x28e ./Core/Src/adc.o
 .debug_macro   0x00016205       0x83 ./Core/Src/adc.o
 .debug_macro   0x00016288       0x5e ./Core/Src/adc.o
 .debug_macro   0x000162e6      0x1da ./Core/Src/dma.o
 .debug_macro   0x000164c0      0x1da ./Core/Src/gpio.o
 .debug_macro   0x0001669a      0x1e9 ./Core/Src/gyro.o
 .debug_macro   0x00016883       0x88 ./Core/Src/gyro.o
 .debug_macro   0x0001690b      0x1da ./Core/Src/i2c.o
 .debug_macro   0x00016ae5      0x3b7 ./Core/Src/main.o
 .debug_macro   0x00016e9c       0x61 ./Core/Src/main.o
 .debug_macro   0x00016efd       0x24 ./Core/Src/main.o
 .debug_macro   0x00016f21       0x43 ./Core/Src/main.o
 .debug_macro   0x00016f64       0x34 ./Core/Src/main.o
 .debug_macro   0x00016f98      0x370 ./Core/Src/main.o
 .debug_macro   0x00017308       0x16 ./Core/Src/main.o
 .debug_macro   0x0001731e       0x4a ./Core/Src/main.o
 .debug_macro   0x00017368       0x34 ./Core/Src/main.o
 .debug_macro   0x0001739c       0x10 ./Core/Src/main.o
 .debug_macro   0x000173ac       0x58 ./Core/Src/main.o
 .debug_macro   0x00017404       0x8e ./Core/Src/main.o
 .debug_macro   0x00017492       0x1c ./Core/Src/main.o
 .debug_macro   0x000174ae      0x185 ./Core/Src/main.o
 .debug_macro   0x00017633      0x19b ./Core/Src/main.o
 .debug_macro   0x000177ce       0x16 ./Core/Src/main.o
 .debug_macro   0x000177e4       0x1c ./Core/Src/main.o
 .debug_macro   0x00017800       0x22 ./Core/Src/main.o
 .debug_macro   0x00017822       0x1c ./Core/Src/main.o
 .debug_macro   0x0001783e       0x3c ./Core/Src/main.o
 .debug_macro   0x0001787a       0x10 ./Core/Src/main.o
 .debug_macro   0x0001788a       0x1c ./Core/Src/main.o
 .debug_macro   0x000178a6       0x16 ./Core/Src/main.o
 .debug_macro   0x000178bc      0x146 ./Core/Src/main.o
 .debug_macro   0x00017a02       0x16 ./Core/Src/main.o
 .debug_macro   0x00017a18       0x16 ./Core/Src/main.o
 .debug_macro   0x00017a2e       0x29 ./Core/Src/main.o
 .debug_macro   0x00017a57      0x33d ./Core/Src/motor.o
 .debug_macro   0x00017d94       0x56 ./Core/Src/motor.o
 .debug_macro   0x00017dea      0x1e4 ./Core/Src/pid.o
 .debug_macro   0x00017fce      0x22b ./Core/Src/sensor.o
 .debug_macro   0x000181f9      0x1d0 ./Core/Src/stm32f1xx_hal_msp.o
 .debug_macro   0x000183c9      0x20e ./Core/Src/stm32f1xx_it.o
 .debug_macro   0x000185d7      0x1c1 ./Core/Src/system_stm32f1xx.o
 .debug_macro   0x00018798      0x1da ./Core/Src/tim.o
 .debug_macro   0x00018972      0x204 ./Core/Src/ultransonic.o
 .debug_macro   0x00018b76      0x1da ./Core/Src/usart.o
 .debug_macro   0x00018d50      0x1e5 ./Drivers/STM32F1xx_HAL_Driver/Src/stm32f1xx_hal.o
 .debug_macro   0x00018f35      0x1de ./Drivers/STM32F1xx_HAL_Driver/Src/stm32f1xx_hal_adc.o
 .debug_macro   0x00019113      0x1d3 ./Drivers/STM32F1xx_HAL_Driver/Src/stm32f1xx_hal_adc_ex.o
 .debug_macro   0x000192e6      0x1c1 ./Drivers/STM32F1xx_HAL_Driver/Src/stm32f1xx_hal_cortex.o
 .debug_macro   0x000194a7      0x1c1 ./Drivers/STM32F1xx_HAL_Driver/Src/stm32f1xx_hal_dma.o
 .debug_macro   0x00019668      0x22c ./Drivers/STM32F1xx_HAL_Driver/Src/stm32f1xx_hal_gpio.o
 .debug_macro   0x00019894      0x20f ./Drivers/STM32F1xx_HAL_Driver/Src/stm32f1xx_hal_i2c.o
 .debug_macro   0x00019aa3      0x1d3 ./Drivers/STM32F1xx_HAL_Driver/Src/stm32f1xx_hal_rcc.o
 .debug_macro   0x00019c76      0x1c1 ./Drivers/STM32F1xx_HAL_Driver/Src/stm32f1xx_hal_rcc_ex.o
 .debug_macro   0x00019e37      0x1c2 ./Drivers/STM32F1xx_HAL_Driver/Src/stm32f1xx_hal_tim.o
 .debug_macro   0x00019ff9      0x1c1 ./Drivers/STM32F1xx_HAL_Driver/Src/stm32f1xx_hal_tim_ex.o
 .debug_macro   0x0001a1ba      0x1c2 ./Drivers/STM32F1xx_HAL_Driver/Src/stm32f1xx_hal_uart.o

.debug_line     0x00000000    0x18eae
 .debug_line    0x00000000      0x7fd ./Core/Src/adc.o
 .debug_line    0x000007fd      0x70c ./Core/Src/dma.o
 .debug_line    0x00000f09      0x747 ./Core/Src/gpio.o
 .debug_line    0x00001650      0xbc8 ./Core/Src/gyro.o
 .debug_line    0x00002218      0x77a ./Core/Src/i2c.o
 .debug_line    0x00002992      0x9d4 ./Core/Src/main.o
 .debug_line    0x00003366      0xa28 ./Core/Src/motor.o
 .debug_line    0x00003d8e      0x849 ./Core/Src/pid.o
 .debug_line    0x000045d7      0x8aa ./Core/Src/sensor.o
 .debug_line    0x00004e81      0x711 ./Core/Src/stm32f1xx_hal_msp.o
 .debug_line    0x00005592      0x884 ./Core/Src/stm32f1xx_it.o
 .debug_line    0x00005e16      0x78f ./Core/Src/system_stm32f1xx.o
 .debug_line    0x000065a5      0x9db ./Core/Src/tim.o
 .debug_line    0x00006f80      0x7a6 ./Core/Src/ultransonic.o
 .debug_line    0x00007726      0x785 ./Core/Src/usart.o
 .debug_line    0x00007eab       0x78 ./Core/Startup/startup_stm32f103c8tx.o
 .debug_line    0x00007f23      0x9c0 ./Drivers/STM32F1xx_HAL_Driver/Src/stm32f1xx_hal.o
 .debug_line    0x000088e3      0xfe5 ./Drivers/STM32F1xx_HAL_Driver/Src/stm32f1xx_hal_adc.o
 .debug_line    0x000098c8      0xd07 ./Drivers/STM32F1xx_HAL_Driver/Src/stm32f1xx_hal_adc_ex.o
 .debug_line    0x0000a5cf      0xb8a ./Drivers/STM32F1xx_HAL_Driver/Src/stm32f1xx_hal_cortex.o
 .debug_line    0x0000b159      0xdca ./Drivers/STM32F1xx_HAL_Driver/Src/stm32f1xx_hal_dma.o
 .debug_line    0x0000bf23      0xa1d ./Drivers/STM32F1xx_HAL_Driver/Src/stm32f1xx_hal_gpio.o
 .debug_line    0x0000c940     0x3bbd ./Drivers/STM32F1xx_HAL_Driver/Src/stm32f1xx_hal_i2c.o
 .debug_line    0x000104fd      0xe79 ./Drivers/STM32F1xx_HAL_Driver/Src/stm32f1xx_hal_rcc.o
 .debug_line    0x00011376      0x92a ./Drivers/STM32F1xx_HAL_Driver/Src/stm32f1xx_hal_rcc_ex.o
 .debug_line    0x00011ca0     0x34ae ./Drivers/STM32F1xx_HAL_Driver/Src/stm32f1xx_hal_tim.o
 .debug_line    0x0001514e     0x1884 ./Drivers/STM32F1xx_HAL_Driver/Src/stm32f1xx_hal_tim_ex.o
 .debug_line    0x000169d2     0x24dc ./Drivers/STM32F1xx_HAL_Driver/Src/stm32f1xx_hal_uart.o

.debug_str      0x00000000    0x93182
 .debug_str     0x00000000    0x93182 ./Core/Src/adc.o
                              0x89fe4 (size before relaxing)
 .debug_str     0x00093182        0x0 ./Core/Src/dma.o
                              0x89e77 (size before relaxing)
 .debug_str     0x00093182        0x0 ./Core/Src/gpio.o
                              0x89f20 (size before relaxing)
 .debug_str     0x00093182        0x0 ./Core/Src/gyro.o
                              0x8a46a (size before relaxing)
 .debug_str     0x00093182        0x0 ./Core/Src/i2c.o
                              0x8a0d3 (size before relaxing)
 .debug_str     0x00093182        0x0 ./Core/Src/main.o
                              0x8e356 (size before relaxing)
 .debug_str     0x00093182        0x0 ./Core/Src/motor.o
                              0x8e054 (size before relaxing)
 .debug_str     0x00093182        0x0 ./Core/Src/pid.o
                              0x8a0cf (size before relaxing)
 .debug_str     0x00093182        0x0 ./Core/Src/sensor.o
                              0x8a3a4 (size before relaxing)
 .debug_str     0x00093182        0x0 ./Core/Src/stm32f1xx_hal_msp.o
                              0x89ba1 (size before relaxing)
 .debug_str     0x00093182        0x0 ./Core/Src/stm32f1xx_it.o
                              0x8a281 (size before relaxing)
 .debug_str     0x00093182        0x0 ./Core/Src/system_stm32f1xx.o
                              0x89a70 (size before relaxing)
 .debug_str     0x00093182        0x0 ./Core/Src/tim.o
                              0x8a7ec (size before relaxing)
 .debug_str     0x00093182        0x0 ./Core/Src/ultransonic.o
                              0x8a142 (size before relaxing)
 .debug_str     0x00093182        0x0 ./Core/Src/usart.o
                              0x8a08f (size before relaxing)
 .debug_str     0x00093182        0x0 ./Core/Startup/startup_stm32f103c8tx.o
                                 0x66 (size before relaxing)
 .debug_str     0x00093182        0x0 ./Drivers/STM32F1xx_HAL_Driver/Src/stm32f1xx_hal.o
                              0x8a1a3 (size before relaxing)
 .debug_str     0x00093182        0x0 ./Drivers/STM32F1xx_HAL_Driver/Src/stm32f1xx_hal_adc.o
                              0x8a154 (size before relaxing)
 .debug_str     0x00093182        0x0 ./Drivers/STM32F1xx_HAL_Driver/Src/stm32f1xx_hal_adc_ex.o
                              0x8a124 (size before relaxing)
 .debug_str     0x00093182        0x0 ./Drivers/STM32F1xx_HAL_Driver/Src/stm32f1xx_hal_cortex.o
                              0x8a0ef (size before relaxing)
 .debug_str     0x00093182        0x0 ./Drivers/STM32F1xx_HAL_Driver/Src/stm32f1xx_hal_dma.o
                              0x89e19 (size before relaxing)
 .debug_str     0x00093182        0x0 ./Drivers/STM32F1xx_HAL_Driver/Src/stm32f1xx_hal_gpio.o
                              0x89df6 (size before relaxing)
 .debug_str     0x00093182        0x0 ./Drivers/STM32F1xx_HAL_Driver/Src/stm32f1xx_hal_i2c.o
                              0x8ab37 (size before relaxing)
 .debug_str     0x00093182        0x0 ./Drivers/STM32F1xx_HAL_Driver/Src/stm32f1xx_hal_rcc.o
                              0x89e9f (size before relaxing)
 .debug_str     0x00093182        0x0 ./Drivers/STM32F1xx_HAL_Driver/Src/stm32f1xx_hal_rcc_ex.o
                              0x89bef (size before relaxing)
 .debug_str     0x00093182        0x0 ./Drivers/STM32F1xx_HAL_Driver/Src/stm32f1xx_hal_tim.o
                              0x8aea1 (size before relaxing)
 .debug_str     0x00093182        0x0 ./Drivers/STM32F1xx_HAL_Driver/Src/stm32f1xx_hal_tim_ex.o
                              0x8a6ad (size before relaxing)
 .debug_str     0x00093182        0x0 ./Drivers/STM32F1xx_HAL_Driver/Src/stm32f1xx_hal_uart.o
                              0x8a510 (size before relaxing)

.comment        0x00000000       0x43
 .comment       0x00000000       0x43 ./Core/Src/adc.o
                                 0x44 (size before relaxing)
 .comment       0x00000043        0x0 ./Core/Src/dma.o
                                 0x44 (size before relaxing)
 .comment       0x00000043        0x0 ./Core/Src/gpio.o
                                 0x44 (size before relaxing)
 .comment       0x00000043        0x0 ./Core/Src/gyro.o
                                 0x44 (size before relaxing)
 .comment       0x00000043        0x0 ./Core/Src/i2c.o
                                 0x44 (size before relaxing)
 .comment       0x00000043        0x0 ./Core/Src/main.o
                                 0x44 (size before relaxing)
 .comment       0x00000043        0x0 ./Core/Src/motor.o
                                 0x44 (size before relaxing)
 .comment       0x00000043        0x0 ./Core/Src/pid.o
                                 0x44 (size before relaxing)
 .comment       0x00000043        0x0 ./Core/Src/sensor.o
                                 0x44 (size before relaxing)
 .comment       0x00000043        0x0 ./Core/Src/stm32f1xx_hal_msp.o
                                 0x44 (size before relaxing)
 .comment       0x00000043        0x0 ./Core/Src/stm32f1xx_it.o
                                 0x44 (size before relaxing)
 .comment       0x00000043        0x0 ./Core/Src/system_stm32f1xx.o
                                 0x44 (size before relaxing)
 .comment       0x00000043        0x0 ./Core/Src/tim.o
                                 0x44 (size before relaxing)
 .comment       0x00000043        0x0 ./Core/Src/ultransonic.o
                                 0x44 (size before relaxing)
 .comment       0x00000043        0x0 ./Core/Src/usart.o
                                 0x44 (size before relaxing)
 .comment       0x00000043        0x0 ./Drivers/STM32F1xx_HAL_Driver/Src/stm32f1xx_hal.o
                                 0x44 (size before relaxing)
 .comment       0x00000043        0x0 ./Drivers/STM32F1xx_HAL_Driver/Src/stm32f1xx_hal_adc.o
                                 0x44 (size before relaxing)
 .comment       0x00000043        0x0 ./Drivers/STM32F1xx_HAL_Driver/Src/stm32f1xx_hal_adc_ex.o
                                 0x44 (size before relaxing)
 .comment       0x00000043        0x0 ./Drivers/STM32F1xx_HAL_Driver/Src/stm32f1xx_hal_cortex.o
                                 0x44 (size before relaxing)
 .comment       0x00000043        0x0 ./Drivers/STM32F1xx_HAL_Driver/Src/stm32f1xx_hal_dma.o
                                 0x44 (size before relaxing)
 .comment       0x00000043        0x0 ./Drivers/STM32F1xx_HAL_Driver/Src/stm32f1xx_hal_gpio.o
                                 0x44 (size before relaxing)
 .comment       0x00000043        0x0 ./Drivers/STM32F1xx_HAL_Driver/Src/stm32f1xx_hal_i2c.o
                                 0x44 (size before relaxing)
 .comment       0x00000043        0x0 ./Drivers/STM32F1xx_HAL_Driver/Src/stm32f1xx_hal_rcc.o
                                 0x44 (size before relaxing)
 .comment       0x00000043        0x0 ./Drivers/STM32F1xx_HAL_Driver/Src/stm32f1xx_hal_rcc_ex.o
                                 0x44 (size before relaxing)
 .comment       0x00000043        0x0 ./Drivers/STM32F1xx_HAL_Driver/Src/stm32f1xx_hal_tim.o
                                 0x44 (size before relaxing)
 .comment       0x00000043        0x0 ./Drivers/STM32F1xx_HAL_Driver/Src/stm32f1xx_hal_tim_ex.o
                                 0x44 (size before relaxing)
 .comment       0x00000043        0x0 ./Drivers/STM32F1xx_HAL_Driver/Src/stm32f1xx_hal_uart.o
                                 0x44 (size before relaxing)

.debug_frame    0x00000000     0x4f58
 .debug_frame   0x00000000       0x7c ./Core/Src/adc.o
 .debug_frame   0x0000007c       0x34 ./Core/Src/dma.o
 .debug_frame   0x000000b0       0x34 ./Core/Src/gpio.o
 .debug_frame   0x000000e4      0x1c8 ./Core/Src/gyro.o
 .debug_frame   0x000002ac       0x74 ./Core/Src/i2c.o
 .debug_frame   0x00000320       0x6c ./Core/Src/main.o
 .debug_frame   0x0000038c       0xe8 ./Core/Src/motor.o
 .debug_frame   0x00000474      0x100 ./Core/Src/pid.o
 .debug_frame   0x00000574       0xe8 ./Core/Src/sensor.o
 .debug_frame   0x0000065c       0x38 ./Core/Src/stm32f1xx_hal_msp.o
 .debug_frame   0x00000694      0x160 ./Core/Src/stm32f1xx_it.o
 .debug_frame   0x000007f4       0x58 ./Core/Src/system_stm32f1xx.o
 .debug_frame   0x0000084c      0x154 ./Core/Src/tim.o
 .debug_frame   0x000009a0       0x74 ./Core/Src/ultransonic.o
 .debug_frame   0x00000a14       0x74 ./Core/Src/usart.o
 .debug_frame   0x00000a88      0x334 ./Drivers/STM32F1xx_HAL_Driver/Src/stm32f1xx_hal.o
 .debug_frame   0x00000dbc      0x40c ./Drivers/STM32F1xx_HAL_Driver/Src/stm32f1xx_hal_adc.o
 .debug_frame   0x000011c8      0x200 ./Drivers/STM32F1xx_HAL_Driver/Src/stm32f1xx_hal_adc_ex.o
 .debug_frame   0x000013c8      0x428 ./Drivers/STM32F1xx_HAL_Driver/Src/stm32f1xx_hal_cortex.o
 .debug_frame   0x000017f0      0x208 ./Drivers/STM32F1xx_HAL_Driver/Src/stm32f1xx_hal_dma.o
 .debug_frame   0x000019f8      0x14c ./Drivers/STM32F1xx_HAL_Driver/Src/stm32f1xx_hal_gpio.o
 .debug_frame   0x00001b44      0xc84 ./Drivers/STM32F1xx_HAL_Driver/Src/stm32f1xx_hal_i2c.o
 .debug_frame   0x000027c8      0x218 ./Drivers/STM32F1xx_HAL_Driver/Src/stm32f1xx_hal_rcc.o
 .debug_frame   0x000029e0       0x80 ./Drivers/STM32F1xx_HAL_Driver/Src/stm32f1xx_hal_rcc_ex.o
 .debug_frame   0x00002a60     0x11b8 ./Drivers/STM32F1xx_HAL_Driver/Src/stm32f1xx_hal_tim.o
 .debug_frame   0x00003c18      0x638 ./Drivers/STM32F1xx_HAL_Driver/Src/stm32f1xx_hal_tim_ex.o
 .debug_frame   0x00004250      0x944 ./Drivers/STM32F1xx_HAL_Driver/Src/stm32f1xx_hal_uart.o
 .debug_frame   0x00004b94      0x144 D:/mcu/STM/STM32CubeIDE/plugins/com.st.stm32cube.ide.mcu.externaltools.gnu-tools-for-stm32.13.3.rel1.win32_1.0.100.202509120712/tools/bin/../lib/gcc/arm-none-eabi/13.3.1/../../../../arm-none-eabi/lib/thumb/v7-m/nofp\libc_nano.a(libc_a-findfp.o)
 .debug_frame   0x00004cd8       0x20 D:/mcu/STM/STM32CubeIDE/plugins/com.st.stm32cube.ide.mcu.externaltools.gnu-tools-for-stm32.13.3.rel1.win32_1.0.100.202509120712/tools/bin/../lib/gcc/arm-none-eabi/13.3.1/../../../../arm-none-eabi/lib/thumb/v7-m/nofp\libc_nano.a(libc_a-memset.o)
 .debug_frame   0x00004cf8       0x20 D:/mcu/STM/STM32CubeIDE/plugins/com.st.stm32cube.ide.mcu.externaltools.gnu-tools-for-stm32.13.3.rel1.win32_1.0.100.202509120712/tools/bin/../lib/gcc/arm-none-eabi/13.3.1/../../../../arm-none-eabi/lib/thumb/v7-m/nofp\libc_nano.a(libc_a-errno.o)
 .debug_frame   0x00004d18       0x2c D:/mcu/STM/STM32CubeIDE/plugins/com.st.stm32cube.ide.mcu.externaltools.gnu-tools-for-stm32.13.3.rel1.win32_1.0.100.202509120712/tools/bin/../lib/gcc/arm-none-eabi/13.3.1/../../../../arm-none-eabi/lib/thumb/v7-m/nofp\libc_nano.a(libc_a-init.o)
 .debug_frame   0x00004d44       0x2c D:/mcu/STM/STM32CubeIDE/plugins/com.st.stm32cube.ide.mcu.externaltools.gnu-tools-for-stm32.13.3.rel1.win32_1.0.100.202509120712/tools/bin/../lib/gcc/arm-none-eabi/13.3.1/../../../../arm-none-eabi/lib/thumb/v7-m/nofp\libm.a(libm_a-wf_fmod.o)
 .debug_frame   0x00004d70       0x30 D:/mcu/STM/STM32CubeIDE/plugins/com.st.stm32cube.ide.mcu.externaltools.gnu-tools-for-stm32.13.3.rel1.win32_1.0.100.202509120712/tools/bin/../lib/gcc/arm-none-eabi/13.3.1/../../../../arm-none-eabi/lib/thumb/v7-m/nofp\libm.a(libm_a-ef_fmod.o)
 .debug_frame   0x00004da0       0x4c D:/mcu/STM/STM32CubeIDE/plugins/com.st.stm32cube.ide.mcu.externaltools.gnu-tools-for-stm32.13.3.rel1.win32_1.0.100.202509120712/tools/bin/../lib/gcc/arm-none-eabi/13.3.1/thumb/v7-m/nofp\libgcc.a(_arm_addsubsf3.o)
 .debug_frame   0x00004dec       0x38 D:/mcu/STM/STM32CubeIDE/plugins/com.st.stm32cube.ide.mcu.externaltools.gnu-tools-for-stm32.13.3.rel1.win32_1.0.100.202509120712/tools/bin/../lib/gcc/arm-none-eabi/13.3.1/thumb/v7-m/nofp\libgcc.a(_arm_muldivsf3.o)
 .debug_frame   0x00004e24       0xc8 D:/mcu/STM/STM32CubeIDE/plugins/com.st.stm32cube.ide.mcu.externaltools.gnu-tools-for-stm32.13.3.rel1.win32_1.0.100.202509120712/tools/bin/../lib/gcc/arm-none-eabi/13.3.1/thumb/v7-m/nofp\libgcc.a(_arm_cmpsf2.o)
 .debug_frame   0x00004eec       0x24 D:/mcu/STM/STM32CubeIDE/plugins/com.st.stm32cube.ide.mcu.externaltools.gnu-tools-for-stm32.13.3.rel1.win32_1.0.100.202509120712/tools/bin/../lib/gcc/arm-none-eabi/13.3.1/thumb/v7-m/nofp\libgcc.a(_arm_unordsf2.o)
 .debug_frame   0x00004f10       0x24 D:/mcu/STM/STM32CubeIDE/plugins/com.st.stm32cube.ide.mcu.externaltools.gnu-tools-for-stm32.13.3.rel1.win32_1.0.100.202509120712/tools/bin/../lib/gcc/arm-none-eabi/13.3.1/thumb/v7-m/nofp\libgcc.a(_arm_fixsfsi.o)
 .debug_frame   0x00004f34       0x24 D:/mcu/STM/STM32CubeIDE/plugins/com.st.stm32cube.ide.mcu.externaltools.gnu-tools-for-stm32.13.3.rel1.win32_1.0.100.202509120712/tools/bin/../lib/gcc/arm-none-eabi/13.3.1/thumb/v7-m/nofp\libgcc.a(_arm_fixunssfsi.o)

.debug_line_str
                0x00000000       0x4a
 .debug_line_str
                0x00000000       0x4a ./Core/Startup/startup_stm32f103c8tx.o
