../Core/Src/tracker.c:49:6:Tracker_Init	16	static
../Core/Src/tracker.c:77:6:PID_Motor_Controllers_Speed_Updater	48	static
../Core/Src/tracker.c:97:6:PID_Motor_Controllers_Position_Updater	24	static
../Core/Src/tracker.c:112:6:State_Machine	16	static
../Core/Src/tracker.c:158:6:Normal_Track	40	static
../Core/Src/tracker.c:174:6:Sharp_Turn_Track	24	static
../Core/Src/tracker.c:193:6:Avoid_Obstacle_Track	16	static
../Core/Src/tracker.c:217:6:Around_Track	16	static
../Core/Src/tracker.c:239:6:Lost_Track	8	static
../Core/Src/tracker.c:261:6:Tracker_Compute	8	static
