../Core/Src/tracker.c:50:6:Tracker_Init	16	static
../Core/Src/tracker.c:78:6:PID_Motor_Controllers_Speed_Updater	48	static
../Core/Src/tracker.c:98:6:PID_Motor_Controllers_Position_Updater	24	static
../Core/Src/tracker.c:118:6:State_Machine	16	static
../Core/Src/tracker.c:164:6:Normal_Track	40	static
../Core/Src/tracker.c:180:6:Sharp_Turn_Track	24	static
../Core/Src/tracker.c:199:6:Avoid_Obstacle_Track	16	static
../Core/Src/tracker.c:223:6:Around_Track	16	static
../Core/Src/tracker.c:245:6:Lost_Track	8	static
../Core/Src/tracker.c:267:6:Tracker_Compute	8	static
